Component: Arm Compiler for Embedded 6.18 Tool: armlink [5e4cc100]

==============================================================================

Section Cross References

    startup_stm32h750xx.o(STACK) refers (Special) to heapauxi.o(.text) for __use_two_region_memory
    startup_stm32h750xx.o(HEAP) refers (Special) to heapauxi.o(.text) for __use_two_region_memory
    startup_stm32h750xx.o(RESET) refers (Special) to heapauxi.o(.text) for __use_two_region_memory
    startup_stm32h750xx.o(RESET) refers to startup_stm32h750xx.o(STACK) for __initial_sp
    startup_stm32h750xx.o(RESET) refers to startup_stm32h750xx.o(.text) for Reset_Handler
    startup_stm32h750xx.o(RESET) refers to stm32h7xx_it.o(.text.NMI_Handler) for NMI_Handler
    startup_stm32h750xx.o(RESET) refers to stm32h7xx_it.o(.text.HardFault_Handler) for HardFault_Handler
    startup_stm32h750xx.o(RESET) refers to stm32h7xx_it.o(.text.MemManage_Handler) for MemManage_Handler
    startup_stm32h750xx.o(RESET) refers to stm32h7xx_it.o(.text.BusFault_Handler) for BusFault_Handler
    startup_stm32h750xx.o(RESET) refers to stm32h7xx_it.o(.text.UsageFault_Handler) for UsageFault_Handler
    startup_stm32h750xx.o(RESET) refers to port.o(.text.SVC_Handler) for SVC_Handler
    startup_stm32h750xx.o(RESET) refers to stm32h7xx_it.o(.text.DebugMon_Handler) for DebugMon_Handler
    startup_stm32h750xx.o(RESET) refers to port.o(.text.PendSV_Handler) for PendSV_Handler
    startup_stm32h750xx.o(RESET) refers to port.o(.text.SysTick_Handler) for SysTick_Handler
    startup_stm32h750xx.o(RESET) refers to stm32h7xx_it.o(.text.USART1_IRQHandler) for USART1_IRQHandler
    startup_stm32h750xx.o(RESET) refers to stm32h7xx_it.o(.text.UART4_IRQHandler) for UART4_IRQHandler
    startup_stm32h750xx.o(RESET) refers to stm32h7xx_it.o(.text.TIM6_DAC_IRQHandler) for TIM6_DAC_IRQHandler
    startup_stm32h750xx.o(.text) refers (Special) to heapauxi.o(.text) for __use_two_region_memory
    startup_stm32h750xx.o(.text) refers to system_stm32h7xx.o(.text.SystemInit) for SystemInit
    startup_stm32h750xx.o(.text) refers to __main.o(!!!main) for __main
    startup_stm32h750xx.o(.text) refers to startup_stm32h750xx.o(HEAP) for Heap_Mem
    startup_stm32h750xx.o(.text) refers to startup_stm32h750xx.o(STACK) for Stack_Mem
    main.o(.text.main) refers to stm32h7xx_hal.o(.text.HAL_Init) for HAL_Init
    main.o(.text.main) refers to main.o(.text.SystemClock_Config) for SystemClock_Config
    main.o(.text.main) refers to gpio.o(.text.MX_GPIO_Init) for MX_GPIO_Init
    main.o(.text.main) refers to tim.o(.text.MX_TIM8_Init) for MX_TIM8_Init
    main.o(.text.main) refers to tim.o(.text.MX_TIM15_Init) for MX_TIM15_Init
    main.o(.text.main) refers to tim.o(.text.MX_TIM3_Init) for MX_TIM3_Init
    main.o(.text.main) refers to tim.o(.text.MX_TIM12_Init) for MX_TIM12_Init
    main.o(.text.main) refers to tim.o(.text.MX_TIM17_Init) for MX_TIM17_Init
    main.o(.text.main) refers to tim.o(.text.MX_TIM1_Init) for MX_TIM1_Init
    main.o(.text.main) refers to usart.o(.text.MX_UART4_Init) for MX_UART4_Init
    main.o(.text.main) refers to tim.o(.text.MX_TIM2_Init) for MX_TIM2_Init
    main.o(.text.main) refers to tim.o(.text.MX_TIM4_Init) for MX_TIM4_Init
    main.o(.text.main) refers to tim.o(.text.MX_TIM5_Init) for MX_TIM5_Init
    main.o(.text.main) refers to usart.o(.text.MX_USART1_UART_Init) for MX_USART1_UART_Init
    main.o(.text.main) refers to freertos.o(.text.MX_FREERTOS_Init) for MX_FREERTOS_Init
    main.o(.text.main) refers to cmsis_os.o(.text.osKernelStart) for osKernelStart
    main.o(.ARM.exidx.text.main) refers to main.o(.text.main) for [Anonymous Symbol]
    main.o(.text.SystemClock_Config) refers to rt_memclr_w.o(.text) for __aeabi_memclr4
    main.o(.text.SystemClock_Config) refers to stm32h7xx_hal_pwr_ex.o(.text.HAL_PWREx_ConfigSupply) for HAL_PWREx_ConfigSupply
    main.o(.text.SystemClock_Config) refers to stm32h7xx_hal_rcc.o(.text.HAL_RCC_OscConfig) for HAL_RCC_OscConfig
    main.o(.text.SystemClock_Config) refers to stm32h7xx_hal_rcc.o(.text.HAL_RCC_ClockConfig) for HAL_RCC_ClockConfig
    main.o(.ARM.exidx.text.SystemClock_Config) refers to main.o(.text.SystemClock_Config) for [Anonymous Symbol]
    main.o(.ARM.exidx.text.Error_Handler) refers to main.o(.text.Error_Handler) for [Anonymous Symbol]
    main.o(.text.HAL_TIM_PeriodElapsedCallback) refers to stm32h7xx_hal.o(.text.HAL_IncTick) for HAL_IncTick
    main.o(.ARM.exidx.text.HAL_TIM_PeriodElapsedCallback) refers to main.o(.text.HAL_TIM_PeriodElapsedCallback) for [Anonymous Symbol]
    gpio.o(.ARM.exidx.text.MX_GPIO_Init) refers to gpio.o(.text.MX_GPIO_Init) for [Anonymous Symbol]
    freertos.o(.text.vApplicationGetIdleTaskMemory) refers to freertos.o(.bss.xIdleTaskTCBBuffer) for xIdleTaskTCBBuffer
    freertos.o(.text.vApplicationGetIdleTaskMemory) refers to freertos.o(.bss.xIdleStack) for xIdleStack
[...]
    [Anonymous Symbol]                       0x08008a9c   Section        0  stm32h7xx_hal_uart_ex.o(.rodata.cst8)
    UARTEx_SetNbDataToProcess.denominator    0x08008aa4   Data           8  stm32h7xx_hal_uart_ex.o(.rodata.cst8)
    [Anonymous Symbol]                       0x08008aac   Section        0  freertos.o(.rodata.str1.1)
    .L_MergedGlobals                         0x24000000   Data           8  stm32h7xx_hal.o(.data..L_MergedGlobals)
    [Anonymous Symbol]                       0x24000000   Section        0  stm32h7xx_hal.o(.data..L_MergedGlobals)
    .L_MergedGlobals                         0x24000008   Data           8  system_stm32h7xx.o(.data..L_MergedGlobals)
    [Anonymous Symbol]                       0x24000008   Section        0  system_stm32h7xx.o(.data..L_MergedGlobals)
    uxCriticalNesting                        0x24000010   Data           4  port.o(.data.uxCriticalNesting)
    [Anonymous Symbol]                       0x24000010   Section        0  port.o(.data.uxCriticalNesting)
    .bss                                     0x24000018   Section       96  libspace.o(.bss)
    .L_MergedGlobals                         0x24000078   Data           8  freertos.o(.bss..L_MergedGlobals)
    [Anonymous Symbol]                       0x24000078   Section        0  freertos.o(.bss..L_MergedGlobals)
    .L_MergedGlobals                         0x24000080   Data         120  tasks.o(.bss..L_MergedGlobals)
    [Anonymous Symbol]                       0x24000080   Section        0  tasks.o(.bss..L_MergedGlobals)
    uxTopReadyPriority                       0x24000084   Data           4  tasks.o(.bss..L_MergedGlobals)
    uxTaskNumber                             0x24000088   Data           4  tasks.o(.bss..L_MergedGlobals)
    uxDeletedTasksWaitingCleanUp             0x2400008c   Data           4  tasks.o(.bss..L_MergedGlobals)
    uxCurrentNumberOfTasks                   0x24000090   Data           4  tasks.o(.bss..L_MergedGlobals)
    xSchedulerRunning                        0x24000094   Data           4  tasks.o(.bss..L_MergedGlobals)
    uxSchedulerSuspended                     0x24000098   Data           4  tasks.o(.bss..L_MergedGlobals)
    xTickCount                               0x2400009c   Data           4  tasks.o(.bss..L_MergedGlobals)
    xIdleTaskHandle                          0x240000a0   Data           4  tasks.o(.bss..L_MergedGlobals)
    xNextTaskUnblockTime                     0x240000a4   Data           4  tasks.o(.bss..L_MergedGlobals)
    xYieldPending                            0x240000a8   Data           4  tasks.o(.bss..L_MergedGlobals)
    xPendedTicks                             0x240000ac   Data           4  tasks.o(.bss..L_MergedGlobals)
    pxDelayedTaskList                        0x240000b0   Data           4  tasks.o(.bss..L_MergedGlobals)
    pxOverflowDelayedTaskList                0x240000b4   Data           4  tasks.o(.bss..L_MergedGlobals)
    xNumOfOverflows                          0x240000b8   Data           4  tasks.o(.bss..L_MergedGlobals)
    xTasksWaitingTermination                 0x240000bc   Data          20  tasks.o(.bss..L_MergedGlobals)
    xSuspendedTaskList                       0x240000d0   Data          20  tasks.o(.bss..L_MergedGlobals)
    xPendingReadyList                        0x240000e4   Data          20  tasks.o(.bss..L_MergedGlobals)
    .L_MergedGlobals                         0x240000f8   Data          32  heap_4.o(.bss..L_MergedGlobals)
    xBlockAllocatedBit                       0x240000f8   Data           1  heap_4.o(.bss..L_MergedGlobals)
    [Anonymous Symbol]                       0x240000f8   Section        0  heap_4.o(.bss..L_MergedGlobals)
    pxEnd                                    0x240000fc   Data           4  heap_4.o(.bss..L_MergedGlobals)
    xFreeBytesRemaining                      0x24000100   Data           4  heap_4.o(.bss..L_MergedGlobals)
    xMinimumEverFreeBytesRemaining           0x24000104   Data           4  heap_4.o(.bss..L_MergedGlobals)
    xNumberOfSuccessfulAllocations           0x24000108   Data           4  heap_4.o(.bss..L_MergedGlobals)
    xNumberOfSuccessfulFrees                 0x2400010c   Data           4  heap_4.o(.bss..L_MergedGlobals)
    xStart                                   0x24000110   Data           8  heap_4.o(.bss..L_MergedGlobals)
    .L_MergedGlobals                         0x24000118   Data           8  port.o(.bss..L_MergedGlobals)
    ucMaxSysCallPriority                     0x24000118   Data           1  port.o(.bss..L_MergedGlobals)
    [Anonymous Symbol]                       0x24000118   Section        0  port.o(.bss..L_MergedGlobals)
    ulMaxPRIGROUPValue                       0x2400011c   Data           4  port.o(.bss..L_MergedGlobals)
    .L_MergedGlobals                         0x24000120   Data         100  pid task.o(.bss..L_MergedGlobals)
    [Anonymous Symbol]                       0x24000120   Section        0  pid task.o(.bss..L_MergedGlobals)
    .L_MergedGlobals.1                       0x24000184   Data          40  tasks.o(.bss..L_MergedGlobals.1)
    xDelayedTaskList1                        0x24000184   Data          20  tasks.o(.bss..L_MergedGlobals.1)
    [Anonymous Symbol]                       0x24000184   Section        0  tasks.o(.bss..L_MergedGlobals.1)
    xDelayedTaskList2                        0x24000198   Data          20  tasks.o(.bss..L_MergedGlobals.1)
    pxReadyTasksLists                        0x240006c4   Data         140  tasks.o(.bss.pxReadyTasksLists)
    [Anonymous Symbol]                       0x240006c4   Section        0  tasks.o(.bss.pxReadyTasksLists)
    ucHeap                                   0x24000770   Data       15360  heap_4.o(.bss.ucHeap)
    [Anonymous Symbol]                       0x24000770   Section        0  heap_4.o(.bss.ucHeap)
    xIdleStack                               0x24004374   Data         256  freertos.o(.bss.xIdleStack)
    [Anonymous Symbol]                       0x24004374   Section        0  freertos.o(.bss.xIdleStack)
    xIdleTaskTCBBuffer                       0x24004474   Data          84  freertos.o(.bss.xIdleTaskTCBBuffer)
    [Anonymous Symbol]                       0x24004474   Section        0  freertos.o(.bss.xIdleTaskTCBBuffer)
    Heap_Mem                                 0x240044c8   Data        4096  startup_stm32h750xx.o(HEAP)
    HEAP                                     0x240044c8   Section     4096  startup_stm32h750xx.o(HEAP)
    Stack_Mem                                0x240054c8   Data        8192  startup_stm32h750xx.o(STACK)
    STACK                                    0x240054c8   Section     8192  startup_stm32h750xx.o(STACK)
    __initial_sp                             0x240074c8   Data           0  startup_stm32h750xx.o(STACK)

    Global Symbols

    Symbol Name                              Value     Ov Type        Size  Object(Section)

    BuildAttributes$$THM_ISAv4$E$P$D$K$B$S$7EM$VFPv5_D16$PE$PLD8$A:L22UL41UL21$X:L11$S22US41US21$IEEE1$IW$~IW$USESV6$~STKCKD$USESV7$~SHL$OTIME$ROPI$IEEEX$EBA8$UX$STANDARDLIB$REQ8$PRES8$EABIv2 0x00000000   Number         0  anon$$obj.o ABSOLUTE
    __ARM_exceptions_init                     - Undefined Weak Reference
    __alloca_initialize                       - Undefined Weak Reference
    __arm_preinit_                            - Undefined Weak Reference
    __arm_relocate_pie_                       - Undefined Weak Reference
    __cpp_initialize__aeabi_                  - Undefined Weak Reference
    __cxa_finalize                            - Undefined Weak Reference
    __rt_locale                               - Undefined Weak Reference
    __sigvec_lookup                           - Undefined Weak Reference
    _atexit_init                              - Undefined Weak Reference
    _call_atexit_fns                          - Undefined Weak Reference
    _clock_init                               - Undefined Weak Reference
    _fp_trap_init                             - Undefined Weak Reference
    _fp_trap_shutdown                         - Undefined Weak Reference
    _get_lc_collate                           - Undefined Weak Reference
    _get_lc_ctype                             - Undefined Weak Reference
    _get_lc_monetary                          - Undefined Weak Reference
    _get_lc_numeric                           - Undefined Weak Reference
    _get_lc_time                              - Undefined Weak Reference
    _getenv_init                              - Undefined Weak Reference
    _handle_redirection                       - Undefined Weak Reference
    _init_alloc                               - Undefined Weak Reference
    _init_user_alloc                          - Undefined Weak Reference
    _initio                                   - Undefined Weak Reference
    _rand_init                                - Undefined Weak Reference
    _signal_finish                            - Undefined Weak Reference
    _signal_init                              - Undefined Weak Reference
    _terminate_alloc                          - Undefined Weak Reference
    _terminate_user_alloc                     - Undefined Weak Reference
    _terminateio                              - Undefined Weak Reference
    __Vectors_Size                           0x00000298   Number         0  startup_stm32h750xx.o ABSOLUTE
    __Vectors                                0x08000000   Data           4  startup_stm32h750xx.o(RESET)
    __Vectors_End                            0x08000298   Data           0  startup_stm32h750xx.o(RESET)
    __main                                   0x08000299   Thumb Code     8  __main.o(!!!main)
    __scatterload                            0x080002a1   Thumb Code     0  __scatter.o(!!!scatter)
    __scatterload_rt2                        0x080002a1   Thumb Code    44  __scatter.o(!!!scatter)
    __scatterload_rt2_thumb_only             0x080002a1   Thumb Code     0  __scatter.o(!!!scatter)
    __scatterload_null                       0x080002af   Thumb Code     0  __scatter.o(!!!scatter)
    __scatterload_copy                       0x080002d5   Thumb Code    26  __scatter_copy.o(!!handler_copy)
    __scatterload_zeroinit                   0x080002f1   Thumb Code    28  __scatter_zi.o(!!handler_zi)
    __rt_lib_init                            0x0800030d   Thumb Code     0  libinit.o(.ARM.Collect$$libinit$$00000000)
    __rt_lib_init_fp_1                       0x0800030f   Thumb Code     0  libinit2.o(.ARM.Collect$$libinit$$00000001)
    __rt_lib_init_alloca_1                   0x08000313   Thumb Code     0  libinit2.o(.ARM.Collect$$libinit$$00000030)
    __rt_lib_init_argv_1                     0x08000313   Thumb Code     0  libinit2.o(.ARM.Collect$$libinit$$0000002E)
    __rt_lib_init_atexit_1                   0x08000313   Thumb Code     0  libinit2.o(.ARM.Collect$$libinit$$0000001D)
    __rt_lib_init_clock_1                    0x08000313   Thumb Code     0  libinit2.o(.ARM.Collect$$libinit$$00000023)
    __rt_lib_init_cpp_1                      0x08000313   Thumb Code     0  libinit2.o(.ARM.Collect$$libinit$$00000034)
    __rt_lib_init_exceptions_1               0x08000313   Thumb Code     0  libinit2.o(.ARM.Collect$$libinit$$00000032)
    __rt_lib_init_fp_trap_1                  0x08000313   Thumb Code     0  libinit2.o(.ARM.Collect$$libinit$$00000021)
    __rt_lib_init_getenv_1                   0x08000313   Thumb Code     0  libinit2.o(.ARM.Collect$$libinit$$00000025)
    __rt_lib_init_heap_1                     0x08000313   Thumb Code     0  libinit2.o(.ARM.Collect$$libinit$$0000000C)
    __rt_lib_init_lc_collate_1               0x08000313   Thumb Code     0  libinit2.o(.ARM.Collect$$libinit$$00000013)
    __rt_lib_init_lc_ctype_1                 0x08000313   Thumb Code     0  libinit2.o(.ARM.Collect$$libinit$$00000015)
    __rt_lib_init_lc_monetary_1              0x08000313   Thumb Code     0  libinit2.o(.ARM.Collect$$libinit$$00000017)
    __rt_lib_init_lc_numeric_1               0x08000313   Thumb Code     0  libinit2.o(.ARM.Collect$$libinit$$00000019)
    __rt_lib_init_lc_time_1                  0x08000313   Thumb Code     0  libinit2.o(.ARM.Collect$$libinit$$0000001B)
    __rt_lib_init_preinit_1                  0x08000313   Thumb Code     0  libinit2.o(.ARM.Collect$$libinit$$00000006)
    __rt_lib_init_rand_1                     0x08000313   Thumb Code     0  libinit2.o(.ARM.Collect$$libinit$$00000010)
    __rt_lib_init_relocate_pie_1             0x08000313   Thumb Code     0  libinit2.o(.ARM.Collect$$libinit$$00000004)
    __rt_lib_init_return                     0x08000313   Thumb Code     0  libinit2.o(.ARM.Collect$$libinit$$00000035)
    __rt_lib_init_signal_1                   0x08000313   Thumb Code     0  libinit2.o(.ARM.Collect$$libinit$$0000001F)
    __rt_lib_init_stdio_1                    0x08000313   Thumb Code     0  libinit2.o(.ARM.Collect$$libinit$$00000027)
    __rt_lib_init_user_alloc_1               0x08000313   Thumb Code     0  libinit2.o(.ARM.Collect$$libinit$$0000000E)
    __rt_lib_shutdown                        0x08000315   Thumb Code     0  libshutdown.o(.ARM.Collect$$libshutdown$$00000000)
    __rt_lib_shutdown_cpp_1                  0x08000317   Thumb Code     0  libshutdown2.o(.ARM.Collect$$libshutdown$$00000002)
    __rt_lib_shutdown_fp_trap_1              0x08000317   Thumb Code     0  libshutdown2.o(.ARM.Collect$$libshutdown$$00000007)
    __rt_lib_shutdown_heap_1                 0x08000317   Thumb Code     0  libshutdown2.o(.ARM.Collect$$libshutdown$$0000000F)
    __rt_lib_shutdown_return                 0x08000317   Thumb Code     0  libshutdown2.o(.ARM.Collect$$libshutdown$$00000010)
    __rt_lib_shutdown_signal_1               0x08000317   Thumb Code     0  libshutdown2.o(.ARM.Collect$$libshutdown$$0000000A)
    __rt_lib_shutdown_stdio_1                0x08000317   Thumb Code     0  libshutdown2.o(.ARM.Collect$$libshutdown$$00000004)
    __rt_lib_shutdown_user_alloc_1           0x08000317   Thumb Code     0  libshutdown2.o(.ARM.Collect$$libshutdown$$0000000C)
    __rt_entry                               0x08000319   Thumb Code     0  __rtentry.o(.ARM.Collect$$rtentry$$00000000)
    __rt_entry_presh_1                       0x08000319   Thumb Code     0  __rtentry2.o(.ARM.Collect$$rtentry$$00000002)
    __rt_entry_sh                            0x08000319   Thumb Code     0  __rtentry4.o(.ARM.Collect$$rtentry$$00000004)
    __rt_entry_li                            0x0800031f   Thumb Code     0  __rtentry2.o(.ARM.Collect$$rtentry$$0000000A)
    __rt_entry_postsh_1                      0x0800031f   Thumb Code     0  __rtentry2.o(.ARM.Collect$$rtentry$$00000009)
    __rt_entry_main                          0x08000323   Thumb Code     0  __rtentry2.o(.ARM.Collect$$rtentry$$0000000D)
    __rt_entry_postli_1                      0x08000323   Thumb Code     0  __rtentry2.o(.ARM.Collect$$rtentry$$0000000C)
    __rt_exit                                0x0800032b   Thumb Code     0  rtexit.o(.ARM.Collect$$rtexit$$00000000)
    __rt_exit_ls                             0x0800032d   Thumb Code     0  rtexit2.o(.ARM.Collect$$rtexit$$00000003)
    __rt_exit_prels_1                        0x0800032d   Thumb Code     0  rtexit2.o(.ARM.Collect$$rtexit$$00000002)
    __rt_exit_exit                           0x08000331   Thumb Code     0  rtexit2.o(.ARM.Collect$$rtexit$$00000004)
    Reset_Handler                            0x08000339   Thumb Code     8  startup_stm32h750xx.o(.text)
    ADC3_IRQHandler                          0x08000353   Thumb Code     0  startup_stm32h750xx.o(.text)
    ADC_IRQHandler                           0x08000353   Thumb Code     0  startup_stm32h750xx.o(.text)
    BDMA_Channel0_IRQHandler                 0x08000353   Thumb Code     0  startup_stm32h750xx.o(.text)
    BDMA_Channel1_IRQHandler                 0x08000353   Thumb Code     0  startup_stm32h750xx.o(.text)
    BDMA_Channel2_IRQHandler                 0x08000353   Thumb Code     0  startup_stm32h750xx.o(.text)
    BDMA_Channel3_IRQHandler                 0x08000353   Thumb Code     0  startup_stm32h750xx.o(.text)
    BDMA_Channel4_IRQHandler                 0x08000353   Thumb Code     0  startup_stm32h750xx.o(.text)
    BDMA_Channel5_IRQHandler                 0x08000353   Thumb Code     0  startup_stm32h750xx.o(.text)
    BDMA_Channel6_IRQHandler                 0x08000353   Thumb Code     0  startup_stm32h750xx.o(.text)
    BDMA_Channel7_IRQHandler                 0x08000353   Thumb Code     0  startup_stm32h750xx.o(.text)
    CEC_IRQHandler                           0x08000353   Thumb Code     0  startup_stm32h750xx.o(.text)
    COMP1_IRQHandler                         0x08000353   Thumb Code     0  startup_stm32h750xx.o(.text)
    CRS_IRQHandler                           0x08000353   Thumb Code     0  startup_stm32h750xx.o(.text)
    CRYP_IRQHandler                          0x08000353   Thumb Code     0  startup_stm32h750xx.o(.text)
    DCMI_IRQHandler                          0x08000353   Thumb Code     0  startup_stm32h750xx.o(.text)
    DFSDM1_FLT0_IRQHandler                   0x08000353   Thumb Code     0  startup_stm32h750xx.o(.text)
    DFSDM1_FLT1_IRQHandler                   0x08000353   Thumb Code     0  startup_stm32h750xx.o(.text)
    DFSDM1_FLT2_IRQHandler                   0x08000353   Thumb Code     0  startup_stm32h750xx.o(.text)
    DFSDM1_FLT3_IRQHandler                   0x08000353   Thumb Code     0  startup_stm32h750xx.o(.text)
    DMA1_Stream0_IRQHandler                  0x08000353   Thumb Code     0  startup_stm32h750xx.o(.text)
    DMA1_Stream1_IRQHandler                  0x08000353   Thumb Code     0  startup_stm32h750xx.o(.text)
    DMA1_Stream2_IRQHandler                  0x08000353   Thumb Code     0  startup_stm32h750xx.o(.text)
    DMA1_Stream3_IRQHandler                  0x08000353   Thumb Code     0  startup_stm32h750xx.o(.text)
    DMA1_Stream4_IRQHandler                  0x08000353   Thumb Code     0  startup_stm32h750xx.o(.text)
    DMA1_Stream5_IRQHandler                  0x08000353   Thumb Code     0  startup_stm32h750xx.o(.text)
    DMA1_Stream6_IRQHandler                  0x08000353   Thumb Code     0  startup_stm32h750xx.o(.text)
    DMA1_Stream7_IRQHandler                  0x08000353   Thumb Code     0  startup_stm32h750xx.o(.text)
    DMA2D_IRQHandler                         0x08000353   Thumb Code     0  startup_stm32h750xx.o(.text)
    DMA2_Stream0_IRQHandler                  0x08000353   Thumb Code     0  startup_stm32h750xx.o(.text)
    DMA2_Stream1_IRQHandler                  0x08000353   Thumb Code     0  startup_stm32h750xx.o(.text)
    DMA2_Stream2_IRQHandler                  0x08000353   Thumb Code     0  startup_stm32h750xx.o(.text)
    DMA2_Stream3_IRQHandler                  0x08000353   Thumb Code     0  startup_stm32h750xx.o(.text)
    DMA2_Stream4_IRQHandler                  0x08000353   Thumb Code     0  startup_stm32h750xx.o(.text)
    DMA2_Stream5_IRQHandler                  0x08000353   Thumb Code     0  startup_stm32h750xx.o(.text)
    DMA2_Stream6_IRQHandler                  0x08000353   Thumb Code     0  startup_stm32h750xx.o(.text)
    DMA2_Stream7_IRQHandler                  0x08000353   Thumb Code     0  startup_stm32h750xx.o(.text)
    DMAMUX1_OVR_IRQHandler                   0x08000353   Thumb Code     0  startup_stm32h750xx.o(.text)
    DMAMUX2_OVR_IRQHandler                   0x08000353   Thumb Code     0  startup_stm32h750xx.o(.text)
    ECC_IRQHandler                           0x08000353   Thumb Code     0  startup_stm32h750xx.o(.text)
    ETH_IRQHandler                           0x08000353   Thumb Code     0  startup_stm32h750xx.o(.text)
    ETH_WKUP_IRQHandler                      0x08000353   Thumb Code     0  startup_stm32h750xx.o(.text)
    EXTI0_IRQHandler                         0x08000353   Thumb Code     0  startup_stm32h750xx.o(.text)
    EXTI15_10_IRQHandler                     0x08000353   Thumb Code     0  startup_stm32h750xx.o(.text)
    EXTI1_IRQHandler                         0x08000353   Thumb Code     0  startup_stm32h750xx.o(.text)
    EXTI2_IRQHandler                         0x08000353   Thumb Code     0  startup_stm32h750xx.o(.text)
    EXTI3_IRQHandler                         0x08000353   Thumb Code     0  startup_stm32h750xx.o(.text)
    EXTI4_IRQHandler                         0x08000353   Thumb Code     0  startup_stm32h750xx.o(.text)
    EXTI9_5_IRQHandler                       0x08000353   Thumb Code     0  startup_stm32h750xx.o(.text)
    FDCAN1_IT0_IRQHandler                    0x08000353   Thumb Code     0  startup_stm32h750xx.o(.text)
    FDCAN1_IT1_IRQHandler                    0x08000353   Thumb Code     0  startup_stm32h750xx.o(.text)
    FDCAN2_IT0_IRQHandler                    0x08000353   Thumb Code     0  startup_stm32h750xx.o(.text)
    FDCAN2_IT1_IRQHandler                    0x08000353   Thumb Code     0  startup_stm32h750xx.o(.text)
    FDCAN_CAL_IRQHandler                     0x08000353   Thumb Code     0  startup_stm32h750xx.o(.text)
    FLASH_IRQHandler                         0x08000353   Thumb Code     0  startup_stm32h750xx.o(.text)
    FMC_IRQHandler                           0x08000353   Thumb Code     0  startup_stm32h750xx.o(.text)
    FPU_IRQHandler                           0x08000353   Thumb Code     0  startup_stm32h750xx.o(.text)
    HASH_RNG_IRQHandler                      0x08000353   Thumb Code     0  startup_stm32h750xx.o(.text)
    HRTIM1_FLT_IRQHandler                    0x08000353   Thumb Code     0  startup_stm32h750xx.o(.text)
    HRTIM1_Master_IRQHandler                 0x08000353   Thumb Code     0  startup_stm32h750xx.o(.text)
    HRTIM1_TIMA_IRQHandler                   0x08000353   Thumb Code     0  startup_stm32h750xx.o(.text)
    HRTIM1_TIMB_IRQHandler                   0x08000353   Thumb Code     0  startup_stm32h750xx.o(.text)
    HRTIM1_TIMC_IRQHandler                   0x08000353   Thumb Code     0  startup_stm32h750xx.o(.text)
    HRTIM1_TIMD_IRQHandler                   0x08000353   Thumb Code     0  startup_stm32h750xx.o(.text)
    HRTIM1_TIME_IRQHandler                   0x08000353   Thumb Code     0  startup_stm32h750xx.o(.text)
    HSEM1_IRQHandler                         0x08000353   Thumb Code     0  startup_stm32h750xx.o(.text)
    I2C1_ER_IRQHandler                       0x08000353   Thumb Code     0  startup_stm32h750xx.o(.text)
    I2C1_EV_IRQHandler                       0x08000353   Thumb Code     0  startup_stm32h750xx.o(.text)
    I2C2_ER_IRQHandler                       0x08000353   Thumb Code     0  startup_stm32h750xx.o(.text)
    I2C2_EV_IRQHandler                       0x08000353   Thumb Code     0  startup_stm32h750xx.o(.text)
    I2C3_ER_IRQHandler                       0x08000353   Thumb Code     0  startup_stm32h750xx.o(.text)
    I2C3_EV_IRQHandler                       0x08000353   Thumb Code     0  startup_stm32h750xx.o(.text)
    I2C4_ER_IRQHandler                       0x08000353   Thumb Code     0  startup_stm32h750xx.o(.text)
    I2C4_EV_IRQHandler                       0x08000353   Thumb Code     0  startup_stm32h750xx.o(.text)
    JPEG_IRQHandler                          0x08000353   Thumb Code     0  startup_stm32h750xx.o(.text)
    LPTIM1_IRQHandler                        0x08000353   Thumb Code     0  startup_stm32h750xx.o(.text)
    LPTIM2_IRQHandler                        0x08000353   Thumb Code     0  startup_stm32h750xx.o(.text)
    LPTIM3_IRQHandler                        0x08000353   Thumb Code     0  startup_stm32h750xx.o(.text)
    LPTIM4_IRQHandler                        0x08000353   Thumb Code     0  startup_stm32h750xx.o(.text)
    LPTIM5_IRQHandler                        0x08000353   Thumb Code     0  startup_stm32h750xx.o(.text)
    LPUART1_IRQHandler                       0x08000353   Thumb Code     0  startup_stm32h750xx.o(.text)
    LTDC_ER_IRQHandler                       0x08000353   Thumb Code     0  startup_stm32h750xx.o(.text)
    LTDC_IRQHandler                          0x08000353   Thumb Code     0  startup_stm32h750xx.o(.text)
    MDIOS_IRQHandler                         0x08000353   Thumb Code     0  startup_stm32h750xx.o(.text)
    MDIOS_WKUP_IRQHandler                    0x08000353   Thumb Code     0  startup_stm32h750xx.o(.text)
    MDMA_IRQHandler                          0x08000353   Thumb Code     0  startup_stm32h750xx.o(.text)
    OTG_FS_EP1_IN_IRQHandler                 0x08000353   Thumb Code     0  startup_stm32h750xx.o(.text)
    OTG_FS_EP1_OUT_IRQHandler                0x08000353   Thumb Code     0  startup_stm32h750xx.o(.text)
    OTG_FS_IRQHandler                        0x08000353   Thumb Code     0  startup_stm32h750xx.o(.text)
    OTG_FS_WKUP_IRQHandler                   0x08000353   Thumb Code     0  startup_stm32h750xx.o(.text)
    OTG_HS_EP1_IN_IRQHandler                 0x08000353   Thumb Code     0  startup_stm32h750xx.o(.text)
    OTG_HS_EP1_OUT_IRQHandler                0x08000353   Thumb Code     0  startup_stm32h750xx.o(.text)
    OTG_HS_IRQHandler                        0x08000353   Thumb Code     0  startup_stm32h750xx.o(.text)
    OTG_HS_WKUP_IRQHandler                   0x08000353   Thumb Code     0  startup_stm32h750xx.o(.text)
    PVD_AVD_IRQHandler                       0x08000353   Thumb Code     0  startup_stm32h750xx.o(.text)
    QUADSPI_IRQHandler                       0x08000353   Thumb Code     0  startup_stm32h750xx.o(.text)
    RCC_IRQHandler                           0x08000353   Thumb Code     0  startup_stm32h750xx.o(.text)
    RTC_Alarm_IRQHandler                     0x08000353   Thumb Code     0  startup_stm32h750xx.o(.text)
    RTC_WKUP_IRQHandler                      0x08000353   Thumb Code     0  startup_stm32h750xx.o(.text)
    SAI1_IRQHandler                          0x08000353   Thumb Code     0  startup_stm32h750xx.o(.text)
    SAI2_IRQHandler                          0x08000353   Thumb Code     0  startup_stm32h750xx.o(.text)
    SAI3_IRQHandler                          0x08000353   Thumb Code     0  startup_stm32h750xx.o(.text)
    SAI4_IRQHandler                          0x08000353   Thumb Code     0  startup_stm32h750xx.o(.text)
    SDMMC1_IRQHandler                        0x08000353   Thumb Code     0  startup_stm32h750xx.o(.text)
    SDMMC2_IRQHandler                        0x08000353   Thumb Code     0  startup_stm32h750xx.o(.text)
    SPDIF_RX_IRQHandler                      0x08000353   Thumb Code     0  startup_stm32h750xx.o(.text)
    SPI1_IRQHandler                          0x08000353   Thumb Code     0  startup_stm32h750xx.o(.text)
    SPI2_IRQHandler                          0x08000353   Thumb Code     0  startup_stm32h750xx.o(.text)
    SPI3_IRQHandler                          0x08000353   Thumb Code     0  startup_stm32h750xx.o(.text)
    SPI4_IRQHandler                          0x08000353   Thumb Code     0  startup_stm32h750xx.o(.text)
    SPI5_IRQHandler                          0x08000353   Thumb Code     0  startup_stm32h750xx.o(.text)
    SPI6_IRQHandler                          0x08000353   Thumb Code     0  startup_stm32h750xx.o(.text)
    SWPMI1_IRQHandler                        0x08000353   Thumb Code     0  startup_stm32h750xx.o(.text)
    TAMP_STAMP_IRQHandler                    0x08000353   Thumb Code     0  startup_stm32h750xx.o(.text)
    TIM15_IRQHandler                         0x08000353   Thumb Code     0  startup_stm32h750xx.o(.text)
    TIM16_IRQHandler                         0x08000353   Thumb Code     0  startup_stm32h750xx.o(.text)
    TIM17_IRQHandler                         0x08000353   Thumb Code     0  startup_stm32h750xx.o(.text)
    TIM1_BRK_IRQHandler                      0x08000353   Thumb Code     0  startup_stm32h750xx.o(.text)
    TIM1_CC_IRQHandler                       0x08000353   Thumb Code     0  startup_stm32h750xx.o(.text)
    TIM1_TRG_COM_IRQHandler                  0x08000353   Thumb Code     0  startup_stm32h750xx.o(.text)
    TIM1_UP_IRQHandler                       0x08000353   Thumb Code     0  startup_stm32h750xx.o(.text)
    TIM2_IRQHandler                          0x08000353   Thumb Code     0  startup_stm32h750xx.o(.text)
    TIM3_IRQHandler                          0x08000353   Thumb Code     0  startup_stm32h750xx.o(.text)
    TIM4_IRQHandler                          0x08000353   Thumb Code     0  startup_stm32h750xx.o(.text)
    TIM5_IRQHandler                          0x08000353   Thumb Code     0  startup_stm32h750xx.o(.text)
    TIM7_IRQHandler                          0x08000353   Thumb Code     0  startup_stm32h750xx.o(.text)
    TIM8_BRK_TIM12_IRQHandler                0x08000353   Thumb Code     0  startup_stm32h750xx.o(.text)
    TIM8_CC_IRQHandler                       0x08000353   Thumb Code     0  startup_stm32h750xx.o(.text)
    TIM8_TRG_COM_TIM14_IRQHandler            0x08000353   Thumb Code     0  startup_stm32h750xx.o(.text)
    TIM8_UP_TIM13_IRQHandler                 0x08000353   Thumb Code     0  startup_stm32h750xx.o(.text)
    UART5_IRQHandler                         0x08000353   Thumb Code     0  startup_stm32h750xx.o(.text)
    UART7_IRQHandler                         0x08000353   Thumb Code     0  startup_stm32h750xx.o(.text)
    UART8_IRQHandler                         0x08000353   Thumb Code     0  startup_stm32h750xx.o(.text)
    USART2_IRQHandler                        0x08000353   Thumb Code     0  startup_stm32h750xx.o(.text)
    USART3_IRQHandler                        0x08000353   Thumb Code     0  startup_stm32h750xx.o(.text)
    USART6_IRQHandler                        0x08000353   Thumb Code     0  startup_stm32h750xx.o(.text)
    WAKEUP_PIN_IRQHandler                    0x08000353   Thumb Code     0  startup_stm32h750xx.o(.text)
    WWDG_IRQHandler                          0x08000353   Thumb Code     0  startup_stm32h750xx.o(.text)
    __user_initial_stackheap                 0x08000355   Thumb Code     0  startup_stm32h750xx.o(.text)
    __aeabi_uldivmod                         0x08000379   Thumb Code     0  lludivv7m.o(.text)
    _ll_udiv                                 0x08000379   Thumb Code   240  lludivv7m.o(.text)
    __aeabi_memclr4                          0x08000469   Thumb Code     0  rt_memclr_w.o(.text)
    __aeabi_memclr8                          0x08000469   Thumb Code     0  rt_memclr_w.o(.text)
    __rt_memclr_w                            0x08000469   Thumb Code     0  rt_memclr_w.o(.text)
    _memset_w                                0x0800046d   Thumb Code    74  rt_memclr_w.o(.text)
    __use_two_region_memory                  0x080004b7   Thumb Code     2  heapauxi.o(.text)
    __rt_heap_escrow$2region                 0x080004b9   Thumb Code     2  heapauxi.o(.text)
    __rt_heap_expand$2region                 0x080004bb   Thumb Code     2  heapauxi.o(.text)
    __read_errno                             0x080004bd   Thumb Code    10  _rserrno.o(.text)
    __set_errno                              0x080004c7   Thumb Code    12  _rserrno.o(.text)
    __aeabi_errno_addr                       0x080004d5   Thumb Code     8  rt_errno_addr_intlibspace.o(.text)
    __errno$intlibspace                      0x080004d5   Thumb Code     0  rt_errno_addr_intlibspace.o(.text)
    __rt_errno_addr$intlibspace              0x080004d5   Thumb Code     0  rt_errno_addr_intlibspace.o(.text)
    __user_libspace                          0x080004dd   Thumb Code     8  libspace.o(.text)
    __user_perproc_libspace                  0x080004dd   Thumb Code     0  libspace.o(.text)
    __user_perthread_libspace                0x080004dd   Thumb Code     0  libspace.o(.text)
    __user_setup_stackheap                   0x080004e5   Thumb Code    74  sys_stackheap_outer.o(.text)
    exit                                     0x0800052f   Thumb Code    18  exit.o(.text)
    _sys_exit                                0x08000541   Thumb Code     8  sys_exit.o(.text)
    __I$use$semihosting                      0x0800054d   Thumb Code     0  use_no_semi.o(.text)
    __use_no_semihosting_swi                 0x0800054d   Thumb Code     2  use_no_semi.o(.text)
    __semihosting_library_function           0x0800054f   Thumb Code     0  indicate_semi.o(.text)
    BusFault_Handler                         0x08000551   Thumb Code     2  stm32h7xx_it.o(.text.BusFault_Handler)
    CHASSIS_TASK                             0x08000559   Thumb Code  1144  pid task.o(.text.CHASSIS_TASK)
    DebugMon_Handler                         0x080009d1   Thumb Code     2  stm32h7xx_it.o(.text.DebugMon_Handler)
    Error_Handler                            0x080009d9   Thumb Code    10  main.o(.text.Error_Handler)
    HAL_DMA_Abort                            0x080009e9   Thumb Code  1326  stm32h7xx_hal_dma.o(.text.HAL_DMA_Abort)
    HAL_DMA_Abort_IT                         0x08000f19   Thumb Code   698  stm32h7xx_hal_dma.o(.text.HAL_DMA_Abort_IT)
    HAL_GPIO_Init                            0x080011d9   Thumb Code   486  stm32h7xx_hal_gpio.o(.text.HAL_GPIO_Init)
    HAL_GetREVID                             0x080013c1   Thumb Code    14  stm32h7xx_hal.o(.text.HAL_GetREVID)
    HAL_GetTick                              0x080013d1   Thumb Code    12  stm32h7xx_hal.o(.text.HAL_GetTick)
    HAL_IncTick                              0x080013e1   Thumb Code    26  stm32h7xx_hal.o(.text.HAL_IncTick)
    HAL_Init                                 0x08001401   Thumb Code   100  stm32h7xx_hal.o(.text.HAL_Init)
    HAL_InitTick                             0x08001469   Thumb Code   164  stm32h7xx_hal_timebase_tim.o(.text.HAL_InitTick)
    HAL_MspInit                              0x08001511   Thumb Code    42  stm32h7xx_hal_msp.o(.text.HAL_MspInit)
    HAL_NVIC_EnableIRQ                       0x08001541   Thumb Code    32  stm32h7xx_hal_cortex.o(.text.HAL_NVIC_EnableIRQ)
    HAL_NVIC_SetPriority                     0x08001561   Thumb Code    92  stm32h7xx_hal_cortex.o(.text.HAL_NVIC_SetPriority)
    HAL_NVIC_SetPriorityGrouping             0x080015c1   Thumb Code    32  stm32h7xx_hal_cortex.o(.text.HAL_NVIC_SetPriorityGrouping)
    HAL_PWREx_ConfigSupply                   0x080015e1   Thumb Code    76  stm32h7xx_hal_pwr_ex.o(.text.HAL_PWREx_ConfigSupply)
    HAL_RCCEx_GetD3PCLK1Freq                 0x08001631   Thumb Code    38  stm32h7xx_hal_rcc_ex.o(.text.HAL_RCCEx_GetD3PCLK1Freq)
    HAL_RCCEx_GetPLL2ClockFreq               0x08001659   Thumb Code   300  stm32h7xx_hal_rcc_ex.o(.text.HAL_RCCEx_GetPLL2ClockFreq)
    HAL_RCCEx_GetPLL3ClockFreq               0x08001789   Thumb Code   300  stm32h7xx_hal_rcc_ex.o(.text.HAL_RCCEx_GetPLL3ClockFreq)
    HAL_RCCEx_PeriphCLKConfig                0x080018b9   Thumb Code  3172  stm32h7xx_hal_rcc_ex.o(.text.HAL_RCCEx_PeriphCLKConfig)
    HAL_RCC_ClockConfig                      0x08002521   Thumb Code   616  stm32h7xx_hal_rcc.o(.text.HAL_RCC_ClockConfig)
    HAL_RCC_GetClockConfig                   0x08002789   Thumb Code    88  stm32h7xx_hal_rcc.o(.text.HAL_RCC_GetClockConfig)
    HAL_RCC_GetHCLKFreq                      0x080027e1   Thumb Code    76  stm32h7xx_hal_rcc.o(.text.HAL_RCC_GetHCLKFreq)
    HAL_RCC_GetPCLK1Freq                     0x08002831   Thumb Code    96  stm32h7xx_hal_rcc.o(.text.HAL_RCC_GetPCLK1Freq)
    HAL_RCC_GetPCLK2Freq                     0x08002891   Thumb Code    96  stm32h7xx_hal_rcc.o(.text.HAL_RCC_GetPCLK2Freq)
    HAL_RCC_GetSysClockFreq                  0x080028f1   Thumb Code   276  stm32h7xx_hal_rcc.o(.text.HAL_RCC_GetSysClockFreq)
    HAL_RCC_OscConfig                        0x08002a09   Thumb Code  1306  stm32h7xx_hal_rcc.o(.text.HAL_RCC_OscConfig)
    HAL_TIMEx_Break2Callback                 0x08002f29   Thumb Code     2  stm32h7xx_hal_tim_ex.o(.text.HAL_TIMEx_Break2Callback)
    HAL_TIMEx_BreakCallback                  0x08002f31   Thumb Code     2  stm32h7xx_hal_tim_ex.o(.text.HAL_TIMEx_BreakCallback)
    HAL_TIMEx_CommutCallback                 0x08002f39   Thumb Code     2  stm32h7xx_hal_tim_ex.o(.text.HAL_TIMEx_CommutCallback)
    HAL_TIMEx_ConfigBreakDeadTime            0x08002f41   Thumb Code   158  stm32h7xx_hal_tim_ex.o(.text.HAL_TIMEx_ConfigBreakDeadTime)
    HAL_TIMEx_MasterConfigSynchronization    0x08002fe1   Thumb Code   202  stm32h7xx_hal_tim_ex.o(.text.HAL_TIMEx_MasterConfigSynchronization)
    HAL_TIM_Base_Init                        0x080030b1   Thumb Code    96  stm32h7xx_hal_tim.o(.text.HAL_TIM_Base_Init)
    HAL_TIM_Base_MspInit                     0x08003111   Thumb Code   232  tim.o(.text.HAL_TIM_Base_MspInit)
    HAL_TIM_Base_Start_IT                    0x080031f9   Thumb Code   180  stm32h7xx_hal_tim.o(.text.HAL_TIM_Base_Start_IT)
    HAL_TIM_ConfigClockSource                0x080032b1   Thumb Code   508  stm32h7xx_hal_tim.o(.text.HAL_TIM_ConfigClockSource)
    HAL_TIM_Encoder_Init                     0x080034b1   Thumb Code   184  stm32h7xx_hal_tim.o(.text.HAL_TIM_Encoder_Init)
    HAL_TIM_Encoder_MspInit                  0x08003569   Thumb Code   412  tim.o(.text.HAL_TIM_Encoder_MspInit)
    HAL_TIM_Encoder_Start                    0x08003709   Thumb Code   188  stm32h7xx_hal_tim.o(.text.HAL_TIM_Encoder_Start)
    HAL_TIM_IC_CaptureCallback               0x080037c9   Thumb Code     2  stm32h7xx_hal_tim.o(.text.HAL_TIM_IC_CaptureCallback)
    HAL_TIM_IRQHandler                       0x080037d1   Thumb Code   396  stm32h7xx_hal_tim.o(.text.HAL_TIM_IRQHandler)
    HAL_TIM_MspPostInit                      0x08003961   Thumb Code   416  tim.o(.text.HAL_TIM_MspPostInit)
    HAL_TIM_OC_DelayElapsedCallback          0x08003b01   Thumb Code     2  stm32h7xx_hal_tim.o(.text.HAL_TIM_OC_DelayElapsedCallback)
    HAL_TIM_PWM_ConfigChannel                0x08003b09   Thumb Code  1214  stm32h7xx_hal_tim.o(.text.HAL_TIM_PWM_ConfigChannel)
    HAL_TIM_PWM_Init                         0x08003fc9   Thumb Code    96  stm32h7xx_hal_tim.o(.text.HAL_TIM_PWM_Init)
    HAL_TIM_PWM_MspInit                      0x08004029   Thumb Code     2  stm32h7xx_hal_tim.o(.text.HAL_TIM_PWM_MspInit)
    HAL_TIM_PWM_PulseFinishedCallback        0x08004031   Thumb Code     2  stm32h7xx_hal_tim.o(.text.HAL_TIM_PWM_PulseFinishedCallback)
    HAL_TIM_PWM_Start                        0x08004039   Thumb Code   396  stm32h7xx_hal_tim.o(.text.HAL_TIM_PWM_Start)
    HAL_TIM_PeriodElapsedCallback            0x080041c9   Thumb Code    20  main.o(.text.HAL_TIM_PeriodElapsedCallback)
    HAL_TIM_TriggerCallback                  0x080041e1   Thumb Code     2  stm32h7xx_hal_tim.o(.text.HAL_TIM_TriggerCallback)
    HAL_UARTEx_DisableFifoMode               0x080041e9   Thumb Code    54  stm32h7xx_hal_uart_ex.o(.text.HAL_UARTEx_DisableFifoMode)
    HAL_UARTEx_RxEventCallback               0x08004221   Thumb Code     2  stm32h7xx_hal_uart.o(.text.HAL_UARTEx_RxEventCallback)
    HAL_UARTEx_RxFifoFullCallback            0x08004229   Thumb Code     2  stm32h7xx_hal_uart_ex.o(.text.HAL_UARTEx_RxFifoFullCallback)
    HAL_UARTEx_SetRxFifoThreshold            0x08004231   Thumb Code   144  stm32h7xx_hal_uart_ex.o(.text.HAL_UARTEx_SetRxFifoThreshold)
    HAL_UARTEx_SetTxFifoThreshold            0x080042c1   Thumb Code   144  stm32h7xx_hal_uart_ex.o(.text.HAL_UARTEx_SetTxFifoThreshold)
    HAL_UARTEx_TxFifoEmptyCallback           0x08004351   Thumb Code     2  stm32h7xx_hal_uart_ex.o(.text.HAL_UARTEx_TxFifoEmptyCallback)
    HAL_UARTEx_WakeupCallback                0x08004359   Thumb Code     2  stm32h7xx_hal_uart_ex.o(.text.HAL_UARTEx_WakeupCallback)
    HAL_UART_ErrorCallback                   0x08004361   Thumb Code     2  stm32h7xx_hal_uart.o(.text.HAL_UART_ErrorCallback)
    HAL_UART_IRQHandler                      0x08004369   Thumb Code  1626  stm32h7xx_hal_uart.o(.text.HAL_UART_IRQHandler)
    HAL_UART_Init                            0x080049c9   Thumb Code   198  stm32h7xx_hal_uart.o(.text.HAL_UART_Init)
    HAL_UART_MspInit                         0x08004a91   Thumb Code   246  usart.o(.text.HAL_UART_MspInit)
    HAL_UART_Receive_IT                      0x08004b89   Thumb Code   184  stm32h7xx_hal_uart.o(.text.HAL_UART_Receive_IT)
    HAL_UART_RxCpltCallback                  0x08004c41   Thumb Code    56  pid task.o(.text.HAL_UART_RxCpltCallback)
    HAL_UART_Transmit                        0x08004c79   Thumb Code   218  stm32h7xx_hal_uart.o(.text.HAL_UART_Transmit)
    HAL_UART_TxCpltCallback                  0x08004d59   Thumb Code     2  stm32h7xx_hal_uart.o(.text.HAL_UART_TxCpltCallback)
    HardFault_Handler                        0x08004d61   Thumb Code     2  stm32h7xx_it.o(.text.HardFault_Handler)
    MX_FREERTOS_Init                         0x08004d69   Thumb Code   108  freertos.o(.text.MX_FREERTOS_Init)
    MX_GPIO_Init                             0x08004dd9   Thumb Code   122  gpio.o(.text.MX_GPIO_Init)
    MX_TIM12_Init                            0x08004e59   Thumb Code   190  tim.o(.text.MX_TIM12_Init)
    MX_TIM15_Init                            0x08004f19   Thumb Code   284  tim.o(.text.MX_TIM15_Init)
    MX_TIM17_Init                            0x08005039   Thumb Code   178  tim.o(.text.MX_TIM17_Init)
    MX_TIM1_Init                             0x080050f1   Thumb Code   110  tim.o(.text.MX_TIM1_Init)
    MX_TIM2_Init                             0x08005161   Thumb Code    96  tim.o(.text.MX_TIM2_Init)
    MX_TIM3_Init                             0x080051c1   Thumb Code   220  tim.o(.text.MX_TIM3_Init)
    MX_TIM4_Init                             0x080052a1   Thumb Code   100  tim.o(.text.MX_TIM4_Init)
    MX_TIM5_Init                             0x08005309   Thumb Code   100  tim.o(.text.MX_TIM5_Init)
    MX_TIM8_Init                             0x08005371   Thumb Code   270  tim.o(.text.MX_TIM8_Init)
    MX_UART4_Init                            0x08005481   Thumb Code   124  usart.o(.text.MX_UART4_Init)
    MX_USART1_UART_Init                      0x08005501   Thumb Code   124  usart.o(.text.MX_USART1_UART_Init)
    MemManage_Handler                        0x08005581   Thumb Code     2  stm32h7xx_it.o(.text.MemManage_Handler)
    NMI_Handler                              0x08005589   Thumb Code     2  stm32h7xx_it.o(.text.NMI_Handler)
    PID_Calculate                            0x08005591   Thumb Code   312  pid.o(.text.PID_Calculate)
    PID_Init                                 0x080056c9   Thumb Code    32  pid.o(.text.PID_Init)
    PendSV_Handler                           0x080056f1   Thumb Code   100  port.o(.text.PendSV_Handler)
    SVC_Handler                              0x080059b1   Thumb Code    36  port.o(.text.SVC_Handler)
    StartDefaultTask                         0x080059d9   Thumb Code     8  freertos.o(.text.StartDefaultTask)
    SysTick_Handler                          0x080059e1   Thumb Code    46  port.o(.text.SysTick_Handler)
    SystemClock_Config                       0x08005a11   Thumb Code   316  main.o(.text.SystemClock_Config)
    SystemInit                               0x08005b51   Thumb Code   204  system_stm32h7xx.o(.text.SystemInit)
    TIM6_DAC_IRQHandler                      0x08005c21   Thumb Code    12  stm32h7xx_it.o(.text.TIM6_DAC_IRQHandler)
    TIM_Base_SetConfig                       0x08005c31   Thumb Code   344  stm32h7xx_hal_tim.o(.text.TIM_Base_SetConfig)
    UART4_IRQHandler                         0x08005d89   Thumb Code    12  stm32h7xx_it.o(.text.UART4_IRQHandler)
    UART_AdvFeatureConfig                    0x08005d99   Thumb Code   224  stm32h7xx_hal_uart.o(.text.UART_AdvFeatureConfig)
    UART_SetConfig                           0x080066e1   Thumb Code  1196  stm32h7xx_hal_uart.o(.text.UART_SetConfig)
    UART_Start_Receive_IT                    0x08006b99   Thumb Code   668  stm32h7xx_hal_uart.o(.text.UART_Start_Receive_IT)
    UART_WaitOnFlagUntilTimeout              0x08006e39   Thumb Code   550  stm32h7xx_hal_uart.o(.text.UART_WaitOnFlagUntilTimeout)
    USART1_IRQHandler                        0x08007061   Thumb Code    12  stm32h7xx_it.o(.text.USART1_IRQHandler)
    UsageFault_Handler                       0x08007071   Thumb Code     2  stm32h7xx_it.o(.text.UsageFault_Handler)
    get_remote_control_point                 0x08007079   Thumb Code    10  ble_remote.o(.text.get_remote_control_point)
    main                                     0x08007089   Thumb Code    66  main.o(.text.main)
    osDelay                                  0x080070d1   Thumb Code    16  cmsis_os.o(.text.osDelay)
    osDelayUntil                             0x080070e1   Thumb Code    16  cmsis_os.o(.text.osDelayUntil)
    osKernelStart                            0x080070f1   Thumb Code    10  cmsis_os.o(.text.osKernelStart)
    osThreadCreate                           0x08007101   Thumb Code    94  cmsis_os.o(.text.osThreadCreate)
    pvPortMalloc                             0x08007471   Thumb Code   524  heap_4.o(.text.pvPortMalloc)
    pxPortInitialiseStack                    0x08007681   Thumb Code    44  port.o(.text.pxPortInitialiseStack)
    uart_to_remote                           0x080076b1   Thumb Code   404  ble_remote.o(.text.uart_to_remote)
    uxListRemove                             0x08007849   Thumb Code    42  list.o(.text.uxListRemove)
    vApplicationGetIdleTaskMemory            0x08007879   Thumb Code    26  freertos.o(.text.vApplicationGetIdleTaskMemory)
    vListInitialise                          0x08007899   Thumb Code    22  list.o(.text.vListInitialise)
    vListInitialiseItem                      0x080078b1   Thumb Code     6  list.o(.text.vListInitialiseItem)
    vListInsert                              0x080078b9   Thumb Code    98  list.o(.text.vListInsert)
    vListInsertEnd                           0x08007921   Thumb Code    28  list.o(.text.vListInsertEnd)
    vPortEnterCritical                       0x08007959   Thumb Code    74  port.o(.text.vPortEnterCritical)
    vPortExitCritical                        0x080079a9   Thumb Code    46  port.o(.text.vPortExitCritical)
    vPortFree                                0x080079d9   Thumb Code   212  heap_4.o(.text.vPortFree)
    vPortSetupTimerInterrupt                 0x08007ab1   Thumb Code    52  port.o(.text.vPortSetupTimerInterrupt)
    vTaskDelay                               0x08007ae9   Thumb Code   158  tasks.o(.text.vTaskDelay)
    vTaskDelayUntil                          0x08007b89   Thumb Code   230  tasks.o(.text.vTaskDelayUntil)
    vTaskStartScheduler                      0x08007c71   Thumb Code   196  tasks.o(.text.vTaskStartScheduler)
    vTaskSuspendAll                          0x08007d41   Thumb Code    16  tasks.o(.text.vTaskSuspendAll)
    vTaskSwitchContext                       0x08007d51   Thumb Code   110  tasks.o(.text.vTaskSwitchContext)
    xPortStartScheduler                      0x08007dc1   Thumb Code   390  port.o(.text.xPortStartScheduler)
    xTaskCreate                              0x08007f49   Thumb Code    96  tasks.o(.text.xTaskCreate)
    xTaskCreateStatic                        0x08007fa9   Thumb Code   122  tasks.o(.text.xTaskCreateStatic)
    xTaskGetTickCount                        0x08008029   Thumb Code    12  tasks.o(.text.xTaskGetTickCount)
    xTaskIncrementTick                       0x08008039   Thumb Code   262  tasks.o(.text.xTaskIncrementTick)
    xTaskResumeAll                           0x08008141   Thumb Code   234  tasks.o(.text.xTaskResumeAll)
    __ARM_fpclassify                         0x0800822b   Thumb Code    48  fpclassify.o(i.__ARM_fpclassify)
    __hardfp_cos                             0x08008261   Thumb Code   158  cos.o(i.__hardfp_cos)
    __hardfp_sin                             0x08008311   Thumb Code   158  sin.o(i.__hardfp_sin)
    __ieee754_rem_pio2                       0x080083c1   Thumb Code   646  rred.o(i.__ieee754_rem_pio2)
    __kernel_cos                             0x080086c9   Thumb Code   182  cos_i.o(i.__kernel_cos)
    __kernel_poly                            0x0800878d   Thumb Code   112  poly.o(i.__kernel_poly)
    __kernel_sin                             0x08008801   Thumb Code   144  sin_i.o(i.__kernel_sin)
    __mathlib_dbl_invalid                    0x080088a1   Thumb Code    10  dunder.o(i.__mathlib_dbl_invalid)
    __mathlib_dbl_underflow                  0x080088b9   Thumb Code    10  dunder.o(i.__mathlib_dbl_underflow)
    fabs                                     0x080088d1   Thumb Code    24  fabs.o(i.fabs)
    _fp_init                                 0x080088e9   Thumb Code    26  fpinit.o(x$fpl$fpinit)
    __fplib_config_fpu_vfp                   0x08008901   Thumb Code     0  fpinit.o(x$fpl$fpinit)
    __fplib_config_pureend_doubles           0x08008901   Thumb Code     0  fpinit.o(x$fpl$fpinit)
    __I$use$fp                               0x08008902   Number         0  usenofp.o(x$fpl$usenofp)
    D1CorePrescTable                         0x08008a74   Data          16  system_stm32h7xx.o(.rodata.D1CorePrescTable)
    UARTPrescTable                           0x08008a84   Data          24  stm32h7xx_hal_uart.o(.rodata.UARTPrescTable)
    Region$$Table$$Base                      0x08008ac0   Number         0  anon$$obj.o(Region$$Table)
    Region$$Table$$Limit                     0x08008ae0   Number         0  anon$$obj.o(Region$$Table)
    uwTickFreq                               0x24000000   Data           1  stm32h7xx_hal.o(.data..L_MergedGlobals)
    uwTickPrio                               0x24000004   Data           4  stm32h7xx_hal.o(.data..L_MergedGlobals)
    SystemCoreClock                          0x24000008   Data           4  system_stm32h7xx.o(.data..L_MergedGlobals)
    SystemD2Clock                            0x2400000c   Data           4  system_stm32h7xx.o(.data..L_MergedGlobals)
    __libspace_start                         0x24000018   Data          96  libspace.o(.bss)
    __temporary_stack_top$libspace           0x24000078   Data           0  libspace.o(.bss)
    defaultTaskHandle                        0x24000078   Data           4  freertos.o(.bss..L_MergedGlobals)
    CHASSISHandle                            0x2400007c   Data           4  freertos.o(.bss..L_MergedGlobals)
    pxCurrentTCB                             0x24000080   Data           4  tasks.o(.bss..L_MergedGlobals)
    i                                        0x24000120   Data           1  pid task.o(.bss..L_MergedGlobals)
    wait_time                                0x24000124   Data           4  pid task.o(.bss..L_MergedGlobals)
    bt_data                                  0x24000128   Data          11  pid task.o(.bss..L_MergedGlobals)
    set                                      0x24000134   Data          16  pid task.o(.bss..L_MergedGlobals)
    fdb                                      0x24000144   Data          16  pid task.o(.bss..L_MergedGlobals)
    pid_give                                 0x24000154   Data          16  pid task.o(.bss..L_MergedGlobals)
    ware_send                                0x24000164   Data          32  pid task.o(.bss..L_MergedGlobals)
    engine_struct                            0x240001ac   Data         256  pid task.o(.bss.engine_struct)
    htim1                                    0x240002ac   Data          76  tim.o(.bss.htim1)
    htim12                                   0x240002f8   Data          76  tim.o(.bss.htim12)
    htim15                                   0x24000344   Data          76  tim.o(.bss.htim15)
    htim17                                   0x24000390   Data          76  tim.o(.bss.htim17)
    htim2                                    0x240003dc   Data          76  tim.o(.bss.htim2)
    htim3                                    0x24000428   Data          76  tim.o(.bss.htim3)
    htim4                                    0x24000474   Data          76  tim.o(.bss.htim4)
    htim5                                    0x240004c0   Data          76  tim.o(.bss.htim5)
    htim6                                    0x2400050c   Data          76  stm32h7xx_hal_timebase_tim.o(.bss.htim6)
    htim8                                    0x24000558   Data          76  tim.o(.bss.htim8)
    huart1                                   0x240005a4   Data         144  usart.o(.bss.huart1)
    huart4                                   0x24000634   Data         144  usart.o(.bss.huart4)
    remote                                   0x24000750   Data          32  ble_remote.o(.bss.remote)
    uwTick                                   0x24004370   Data           4  stm32h7xx_hal.o(.bss.uwTick)



==============================================================================

Memory Map of the image

  Image Entry point : 0x08000299

  Load Region LR_IROM1 (Base: 0x08000000, Size: 0x00008af8, Max: 0x00020000, ABSOLUTE)

    Execution Region ER_IROM1 (Exec base: 0x08000000, Load base: 0x08000000, Size: 0x00008ae0, Max: 0x00020000, ABSOLUTE)

    Exec Addr    Load Addr    Size         Type   Attr      Idx    E Section Name        Object

    0x08000000   0x08000000   0x00000298   Data   RO            3    RESET               startup_stm32h750xx.o
    0x08000298   0x08000298   0x00000008   Code   RO         1980  * !!!main             c_w.l(__main.o)
    0x080002a0   0x080002a0   0x00000034   Code   RO         2214    !!!scatter          c_w.l(__scatter.o)
    0x080002d4   0x080002d4   0x0000001a   Code   RO         2216    !!handler_copy      c_w.l(__scatter_copy.o)
    0x080002ee   0x080002ee   0x00000002   PAD
    0x080002f0   0x080002f0   0x0000001c   Code   RO         2218    !!handler_zi        c_w.l(__scatter_zi.o)
    0x0800030c   0x0800030c   0x00000002   Code   RO         2079    .ARM.Collect$$libinit$$00000000  c_w.l(libinit.o)
    0x0800030e   0x0800030e   0x00000004   Code   RO         2088    .ARM.Collect$$libinit$$00000001  c_w.l(libinit2.o)
    0x08000312   0x08000312   0x00000000   Code   RO         2091    .ARM.Collect$$libinit$$00000004  c_w.l(libinit2.o)
    0x08000312   0x08000312   0x00000000   Code   RO         2093    .ARM.Collect$$libinit$$00000006  c_w.l(libinit2.o)
    0x08000312   0x08000312   0x00000000   Code   RO         2096    .ARM.Collect$$libinit$$0000000C  c_w.l(libinit2.o)
    0x08000312   0x08000312   0x00000000   Code   RO         2098    .ARM.Collect$$libinit$$0000000E  c_w.l(libinit2.o)
    0x08000312   0x08000312   0x00000000   Code   RO         2100    .ARM.Collect$$libinit$$00000010  c_w.l(libinit2.o)
    0x08000312   0x08000312   0x00000000   Code   RO         2103    .ARM.Collect$$libinit$$00000013  c_w.l(libinit2.o)
    0x08000312   0x08000312   0x00000000   Code   RO         2105    .ARM.Collect$$libinit$$00000015  c_w.l(libinit2.o)
    0x08000312   0x08000312   0x00000000   Code   RO         2107    .ARM.Collect$$libinit$$00000017  c_w.l(libinit2.o)
    0x08000312   0x08000312   0x00000000   Code   RO         2109    .ARM.Collect$$libinit$$00000019  c_w.l(libinit2.o)
    0x08000312   0x08000312   0x00000000   Code   RO         2111    .ARM.Collect$$libinit$$0000001B  c_w.l(libinit2.o)
    0x08000312   0x08000312   0x00000000   Code   RO         2113    .ARM.Collect$$libinit$$0000001D  c_w.l(libinit2.o)
    0x08000312   0x08000312   0x00000000   Code   RO         2115    .ARM.Collect$$libinit$$0000001F  c_w.l(libinit2.o)
    0x08000312   0x08000312   0x00000000   Code   RO         2117    .ARM.Collect$$libinit$$00000021  c_w.l(libinit2.o)
    0x08000312   0x08000312   0x00000000   Code   RO         2119    .ARM.Collect$$libinit$$00000023  c_w.l(libinit2.o)
    0x08000312   0x08000312   0x00000000   Code   RO         2121    .ARM.Collect$$libinit$$00000025  c_w.l(libinit2.o)
    0x08000312   0x08000312   0x00000000   Code   RO         2123    .ARM.Collect$$libinit$$00000027  c_w.l(libinit2.o)
    0x08000312   0x08000312   0x00000000   Code   RO         2127    .ARM.Collect$$libinit$$0000002E  c_w.l(libinit2.o)
    0x08000312   0x08000312   0x00000000   Code   RO         2129    .ARM.Collect$$libinit$$00000030  c_w.l(libinit2.o)
    0x08000312   0x08000312   0x00000000   Code   RO         2131    .ARM.Collect$$libinit$$00000032  c_w.l(libinit2.o)
    0x08000312   0x08000312   0x00000000   Code   RO         2133    .ARM.Collect$$libinit$$00000034  c_w.l(libinit2.o)
    0x08000312   0x08000312   0x00000002   Code   RO         2134    .ARM.Collect$$libinit$$00000035  c_w.l(libinit2.o)
    0x08000314   0x08000314   0x00000002   Code   RO         2169    .ARM.Collect$$libshutdown$$00000000  c_w.l(libshutdown.o)
    0x08000316   0x08000316   0x00000000   Code   RO         2197    .ARM.Collect$$libshutdown$$00000002  c_w.l(libshutdown2.o)
    0x08000316   0x08000316   0x00000000   Code   RO         2199    .ARM.Collect$$libshutdown$$00000004  c_w.l(libshutdown2.o)
    0x08000316   0x08000316   0x00000000   Code   RO         2202    .ARM.Collect$$libshutdown$$00000007  c_w.l(libshutdown2.o)
    0x08000316   0x08000316   0x00000000   Code   RO         2205    .ARM.Collect$$libshutdown$$0000000A  c_w.l(libshutdown2.o)
    0x08000316   0x08000316   0x00000000   Code   RO         2207    .ARM.Collect$$libshutdown$$0000000C  c_w.l(libshutdown2.o)
    0x08000316   0x08000316   0x00000000   Code   RO         2210    .ARM.Collect$$libshutdown$$0000000F  c_w.l(libshutdown2.o)
    0x08000316   0x08000316   0x00000002   Code   RO         2211    .ARM.Collect$$libshutdown$$00000010  c_w.l(libshutdown2.o)
    0x08000318   0x08000318   0x00000000   Code   RO         1994    .ARM.Collect$$rtentry$$00000000  c_w.l(__rtentry.o)
    0x08000318   0x08000318   0x00000000   Code   RO         2032    .ARM.Collect$$rtentry$$00000002  c_w.l(__rtentry2.o)
    0x08000318   0x08000318   0x00000006   Code   RO         2044    .ARM.Collect$$rtentry$$00000004  c_w.l(__rtentry4.o)
    0x0800031e   0x0800031e   0x00000000   Code   RO         2034    .ARM.Collect$$rtentry$$00000009  c_w.l(__rtentry2.o)
    0x0800031e   0x0800031e   0x00000004   Code   RO         2035    .ARM.Collect$$rtentry$$0000000A  c_w.l(__rtentry2.o)
    0x08000322   0x08000322   0x00000000   Code   RO         2037    .ARM.Collect$$rtentry$$0000000C  c_w.l(__rtentry2.o)
    0x08000322   0x08000322   0x00000008   Code   RO         2038    .ARM.Collect$$rtentry$$0000000D  c_w.l(__rtentry2.o)
    0x0800032a   0x0800032a   0x00000002   Code   RO         2080    .ARM.Collect$$rtexit$$00000000  c_w.l(rtexit.o)
    0x0800032c   0x0800032c   0x00000000   Code   RO         2140    .ARM.Collect$$rtexit$$00000002  c_w.l(rtexit2.o)
    0x0800032c   0x0800032c   0x00000004   Code   RO         2141    .ARM.Collect$$rtexit$$00000003  c_w.l(rtexit2.o)
    0x08000330   0x08000330   0x00000006   Code   RO         2142    .ARM.Collect$$rtexit$$00000004  c_w.l(rtexit2.o)
    0x08000336   0x08000336   0x00000002   PAD
    0x08000338   0x08000338   0x00000040   Code   RO            4    .text               startup_stm32h750xx.o
    0x08000378   0x08000378   0x000000f0   Code   RO         1970    .text               c_w.l(lludivv7m.o)
    0x08000468   0x08000468   0x0000004e   Code   RO         1976    .text               c_w.l(rt_memclr_w.o)
    0x080004b6   0x080004b6   0x00000006   Code   RO         1978    .text               c_w.l(heapauxi.o)
    0x080004bc   0x080004bc   0x00000016   Code   RO         1999    .text               c_w.l(_rserrno.o)
    0x080004d2   0x080004d2   0x00000002   PAD
    0x080004d4   0x080004d4   0x00000008   Code   RO         2051    .text               c_w.l(rt_errno_addr_intlibspace.o)
    0x080004dc   0x080004dc   0x00000008   Code   RO         2063    .text               c_w.l(libspace.o)
    0x080004e4   0x080004e4   0x0000004a   Code   RO         2066    .text               c_w.l(sys_stackheap_outer.o)
    0x0800052e   0x0800052e   0x00000012   Code   RO         2068    .text               c_w.l(exit.o)
    0x08000540   0x08000540   0x0000000c   Code   RO         2135    .text               c_w.l(sys_exit.o)
    0x0800054c   0x0800054c   0x00000002   Code   RO         2158    .text               c_w.l(use_no_semi.o)
    0x0800054e   0x0800054e   0x00000000   Code   RO         2160    .text               c_w.l(indicate_semi.o)
    0x0800054e   0x0800054e   0x00000002   PAD
    0x08000550   0x08000550   0x00000002   Code   RO          125    .text.BusFault_Handler  stm32h7xx_it.o
    0x08000552   0x08000552   0x00000006   PAD
    0x08000558   0x08000558   0x00000478   Code   RO         1940    .text.CHASSIS_TASK  pid task.o
    0x080009d0   0x080009d0   0x00000002   Code   RO          129    .text.DebugMon_Handler  stm32h7xx_it.o
    0x080009d2   0x080009d2   0x00000006   PAD
    0x080009d8   0x080009d8   0x0000000a   Code   RO           15    .text.Error_Handler  main.o
    0x080009e2   0x080009e2   0x00000006   PAD
    0x080009e8   0x080009e8   0x0000052e   Code   RO          443    .text.HAL_DMA_Abort  stm32h7xx_hal_dma.o
    0x08000f16   0x08000f16   0x00000002   PAD
    0x08000f18   0x08000f18   0x000002ba   Code   RO          445    .text.HAL_DMA_Abort_IT  stm32h7xx_hal_dma.o
    0x080011d2   0x080011d2   0x00000006   PAD
    0x080011d8   0x080011d8   0x000001e6   Code   RO          377    .text.HAL_GPIO_Init  stm32h7xx_hal_gpio.o
    0x080013be   0x080013be   0x00000002   PAD
    0x080013c0   0x080013c0   0x0000000e   Code   RO          697    .text.HAL_GetREVID  stm32h7xx_hal.o
    0x080013ce   0x080013ce   0x00000002   PAD
    0x080013d0   0x080013d0   0x0000000c   Code   RO          681    .text.HAL_GetTick   stm32h7xx_hal.o
    0x080013dc   0x080013dc   0x00000004   PAD
    0x080013e0   0x080013e0   0x0000001a   Code   RO          679    .text.HAL_IncTick   stm32h7xx_hal.o
    0x080013fa   0x080013fa   0x00000006   PAD
    0x08001400   0x08001400   0x00000064   Code   RO          669    .text.HAL_Init      stm32h7xx_hal.o
    0x08001464   0x08001464   0x00000004   PAD
    0x08001468   0x08001468   0x000000a4   Code   RO          153    .text.HAL_InitTick  stm32h7xx_hal_timebase_tim.o
    0x0800150c   0x0800150c   0x00000004   PAD
    0x08001510   0x08001510   0x0000002a   Code   RO          144    .text.HAL_MspInit   stm32h7xx_hal_msp.o
    0x0800153a   0x0800153a   0x00000006   PAD
    0x08001540   0x08001540   0x00000020   Code   RO          172    .text.HAL_NVIC_EnableIRQ  stm32h7xx_hal_cortex.o
    0x08001560   0x08001560   0x0000005c   Code   RO          170    .text.HAL_NVIC_SetPriority  stm32h7xx_hal_cortex.o
    0x080015bc   0x080015bc   0x00000004   PAD
    0x080015c0   0x080015c0   0x00000020   Code   RO          168    .text.HAL_NVIC_SetPriorityGrouping  stm32h7xx_hal_cortex.o
    0x080015e0   0x080015e0   0x0000004c   Code   RO          581    .text.HAL_PWREx_ConfigSupply  stm32h7xx_hal_pwr_ex.o
    0x0800162c   0x0800162c   0x00000004   PAD
    0x08001630   0x08001630   0x00000026   Code   RO          268    .text.HAL_RCCEx_GetD3PCLK1Freq  stm32h7xx_hal_rcc_ex.o
    0x08001656   0x08001656   0x00000002   PAD
    0x08001658   0x08001658   0x0000012c   Code   RO          264    .text.HAL_RCCEx_GetPLL2ClockFreq  stm32h7xx_hal_rcc_ex.o
    0x08001784   0x08001784   0x00000004   PAD
    0x08001788   0x08001788   0x0000012c   Code   RO          266    .text.HAL_RCCEx_GetPLL3ClockFreq  stm32h7xx_hal_rcc_ex.o
    0x080018b4   0x080018b4   0x00000004   PAD
    0x080018b8   0x080018b8   0x00000c64   Code   RO          252    .text.HAL_RCCEx_PeriphCLKConfig  stm32h7xx_hal_rcc_ex.o
    0x0800251c   0x0800251c   0x00000004   PAD
    0x08002520   0x08002520   0x00000268   Code   RO          220    .text.HAL_RCC_ClockConfig  stm32h7xx_hal_rcc.o
    0x08002788   0x08002788   0x00000058   Code   RO          238    .text.HAL_RCC_GetClockConfig  stm32h7xx_hal_rcc.o
    0x080027e0   0x080027e0   0x0000004c   Code   RO          230    .text.HAL_RCC_GetHCLKFreq  stm32h7xx_hal_rcc.o
    0x0800282c   0x0800282c   0x00000004   PAD
    0x08002830   0x08002830   0x00000060   Code   RO          232    .text.HAL_RCC_GetPCLK1Freq  stm32h7xx_hal_rcc.o
    0x08002890   0x08002890   0x00000060   Code   RO          234    .text.HAL_RCC_GetPCLK2Freq  stm32h7xx_hal_rcc.o
    0x080028f0   0x080028f0   0x00000114   Code   RO          222    .text.HAL_RCC_GetSysClockFreq  stm32h7xx_hal_rcc.o
    0x08002a04   0x08002a04   0x00000004   PAD
    0x08002a08   0x08002a08   0x0000051a   Code   RO          218    .text.HAL_RCC_OscConfig  stm32h7xx_hal_rcc.o
    0x08002f22   0x08002f22   0x00000006   PAD
    0x08002f28   0x08002f28   0x00000002   Code   RO         1286    .text.HAL_TIMEx_Break2Callback  stm32h7xx_hal_tim_ex.o
    0x08002f2a   0x08002f2a   0x00000006   PAD
    0x08002f30   0x08002f30   0x00000002   Code   RO         1284    .text.HAL_TIMEx_BreakCallback  stm32h7xx_hal_tim_ex.o
    0x08002f32   0x08002f32   0x00000006   PAD
    0x08002f38   0x08002f38   0x00000002   Code   RO         1280    .text.HAL_TIMEx_CommutCallback  stm32h7xx_hal_tim_ex.o
    0x08002f3a   0x08002f3a   0x00000006   PAD
    0x08002f40   0x08002f40   0x0000009e   Code   RO         1270    .text.HAL_TIMEx_ConfigBreakDeadTime  stm32h7xx_hal_tim_ex.o
    0x08002fde   0x08002fde   0x00000002   PAD
    0x08002fe0   0x08002fe0   0x000000ca   Code   RO         1268    .text.HAL_TIMEx_MasterConfigSynchronization  stm32h7xx_hal_tim_ex.o
    0x080030aa   0x080030aa   0x00000006   PAD
    0x080030b0   0x080030b0   0x00000060   Code   RO          973    .text.HAL_TIM_Base_Init  stm32h7xx_hal_tim.o
    0x08003110   0x08003110   0x000000e8   Code   RO           78    .text.HAL_TIM_Base_MspInit  tim.o
    0x080031f8   0x080031f8   0x000000b4   Code   RO          987    .text.HAL_TIM_Base_Start_IT  stm32h7xx_hal_tim.o
    0x080032ac   0x080032ac   0x00000004   PAD
    0x080032b0   0x080032b0   0x000001fc   Code   RO         1153    .text.HAL_TIM_ConfigClockSource  stm32h7xx_hal_tim.o
    0x080034ac   0x080034ac   0x00000004   PAD
    0x080034b0   0x080034b0   0x000000b8   Code   RO         1087    .text.HAL_TIM_Encoder_Init  stm32h7xx_hal_tim.o
    0x08003568   0x08003568   0x0000019c   Code   RO           76    .text.HAL_TIM_Encoder_MspInit  tim.o
    0x08003704   0x08003704   0x00000004   PAD
    0x08003708   0x08003708   0x000000bc   Code   RO         1095    .text.HAL_TIM_Encoder_Start  stm32h7xx_hal_tim.o
    0x080037c4   0x080037c4   0x00000004   PAD
    0x080037c8   0x080037c8   0x00000002   Code   RO         1109    .text.HAL_TIM_IC_CaptureCallback  stm32h7xx_hal_tim.o
    0x080037ca   0x080037ca   0x00000006   PAD
    0x080037d0   0x080037d0   0x0000018c   Code   RO         1107    .text.HAL_TIM_IRQHandler  stm32h7xx_hal_tim.o
    0x0800395c   0x0800395c   0x00000004   PAD
    0x08003960   0x08003960   0x000001a0   Code   RO           62    .text.HAL_TIM_MspPostInit  tim.o
    0x08003b00   0x08003b00   0x00000002   Code   RO         1111    .text.HAL_TIM_OC_DelayElapsedCallback  stm32h7xx_hal_tim.o
    0x08003b02   0x08003b02   0x00000006   PAD
    0x08003b08   0x08003b08   0x000004be   Code   RO         1127    .text.HAL_TIM_PWM_ConfigChannel  stm32h7xx_hal_tim.o
    0x08003fc6   0x08003fc6   0x00000002   PAD
    0x08003fc8   0x08003fc8   0x00000060   Code   RO         1027    .text.HAL_TIM_PWM_Init  stm32h7xx_hal_tim.o
    0x08004028   0x08004028   0x00000002   Code   RO         1029    .text.HAL_TIM_PWM_MspInit  stm32h7xx_hal_tim.o
    0x0800402a   0x0800402a   0x00000006   PAD
    0x08004030   0x08004030   0x00000002   Code   RO         1113    .text.HAL_TIM_PWM_PulseFinishedCallback  stm32h7xx_hal_tim.o
    0x08004032   0x08004032   0x00000006   PAD
    0x08004038   0x08004038   0x0000018c   Code   RO         1035    .text.HAL_TIM_PWM_Start  stm32h7xx_hal_tim.o
    0x080041c4   0x080041c4   0x00000004   PAD
    0x080041c8   0x080041c8   0x00000014   Code   RO           17    .text.HAL_TIM_PeriodElapsedCallback  main.o
    0x080041dc   0x080041dc   0x00000004   PAD
    0x080041e0   0x080041e0   0x00000002   Code   RO         1117    .text.HAL_TIM_TriggerCallback  stm32h7xx_hal_tim.o
    0x080041e2   0x080041e2   0x00000006   PAD
    0x080041e8   0x080041e8   0x00000036   Code   RO         1463    .text.HAL_UARTEx_DisableFifoMode  stm32h7xx_hal_uart_ex.o
    0x0800421e   0x0800421e   0x00000002   PAD
    0x08004220   0x08004220   0x00000002   Code   RO         1390    .text.HAL_UARTEx_RxEventCallback  stm32h7xx_hal_uart.o
    0x08004222   0x08004222   0x00000006   PAD
    0x08004228   0x08004228   0x00000002   Code   RO         1449    .text.HAL_UARTEx_RxFifoFullCallback  stm32h7xx_hal_uart_ex.o
    0x0800422a   0x0800422a   0x00000006   PAD
    0x08004230   0x08004230   0x00000090   Code   RO         1467    .text.HAL_UARTEx_SetRxFifoThreshold  stm32h7xx_hal_uart_ex.o
    0x080042c0   0x080042c0   0x00000090   Code   RO         1465    .text.HAL_UARTEx_SetTxFifoThreshold  stm32h7xx_hal_uart_ex.o
    0x08004350   0x08004350   0x00000002   Code   RO         1451    .text.HAL_UARTEx_TxFifoEmptyCallback  stm32h7xx_hal_uart_ex.o
    0x08004352   0x08004352   0x00000006   PAD
    0x08004358   0x08004358   0x00000002   Code   RO         1447    .text.HAL_UARTEx_WakeupCallback  stm32h7xx_hal_uart_ex.o
    0x0800435a   0x0800435a   0x00000006   PAD
    0x08004360   0x08004360   0x00000002   Code   RO         1388    .text.HAL_UART_ErrorCallback  stm32h7xx_hal_uart.o
    0x08004362   0x08004362   0x00000006   PAD
    0x08004368   0x08004368   0x0000065a   Code   RO         1384    .text.HAL_UART_IRQHandler  stm32h7xx_hal_uart.o
    0x080049c2   0x080049c2   0x00000006   PAD
    0x080049c8   0x080049c8   0x000000c6   Code   RO         1300    .text.HAL_UART_Init  stm32h7xx_hal_uart.o
    0x08004a8e   0x08004a8e   0x00000002   PAD
    0x08004a90   0x08004a90   0x000000f6   Code   RO          105    .text.HAL_UART_MspInit  usart.o
    0x08004b86   0x08004b86   0x00000002   PAD
    0x08004b88   0x08004b88   0x000000b8   Code   RO         1336    .text.HAL_UART_Receive_IT  stm32h7xx_hal_uart.o
    0x08004c40   0x08004c40   0x00000038   Code   RO         1938    .text.HAL_UART_RxCpltCallback  pid task.o
    0x08004c78   0x08004c78   0x000000da   Code   RO         1320    .text.HAL_UART_Transmit  stm32h7xx_hal_uart.o
    0x08004d52   0x08004d52   0x00000006   PAD
    0x08004d58   0x08004d58   0x00000002   Code   RO         1392    .text.HAL_UART_TxCpltCallback  stm32h7xx_hal_uart.o
    0x08004d5a   0x08004d5a   0x00000006   PAD
    0x08004d60   0x08004d60   0x00000002   Code   RO          121    .text.HardFault_Handler  stm32h7xx_it.o
    0x08004d62   0x08004d62   0x00000006   PAD
    0x08004d68   0x08004d68   0x0000006c   Code   RO           38    .text.MX_FREERTOS_Init  freertos.o
    0x08004dd4   0x08004dd4   0x00000004   PAD
    0x08004dd8   0x08004dd8   0x0000007a   Code   RO           28    .text.MX_GPIO_Init  gpio.o
    0x08004e52   0x08004e52   0x00000006   PAD
    0x08004e58   0x08004e58   0x000000be   Code   RO           70    .text.MX_TIM12_Init  tim.o
    0x08004f16   0x08004f16   0x00000002   PAD
    0x08004f18   0x08004f18   0x0000011c   Code   RO           72    .text.MX_TIM15_Init  tim.o
    0x08005034   0x08005034   0x00000004   PAD
    0x08005038   0x08005038   0x000000b2   Code   RO           74    .text.MX_TIM17_Init  tim.o
    0x080050ea   0x080050ea   0x00000006   PAD
    0x080050f0   0x080050f0   0x0000006e   Code   RO           56    .text.MX_TIM1_Init  tim.o
    0x0800515e   0x0800515e   0x00000002   PAD
    0x08005160   0x08005160   0x00000060   Code   RO           58    .text.MX_TIM2_Init  tim.o
    0x080051c0   0x080051c0   0x000000dc   Code   RO           60    .text.MX_TIM3_Init  tim.o
    0x0800529c   0x0800529c   0x00000004   PAD
    0x080052a0   0x080052a0   0x00000064   Code   RO           64    .text.MX_TIM4_Init  tim.o
    0x08005304   0x08005304   0x00000004   PAD
    0x08005308   0x08005308   0x00000064   Code   RO           66    .text.MX_TIM5_Init  tim.o
    0x0800536c   0x0800536c   0x00000004   PAD
    0x08005370   0x08005370   0x0000010e   Code   RO           68    .text.MX_TIM8_Init  tim.o
    0x0800547e   0x0800547e   0x00000002   PAD
    0x08005480   0x08005480   0x0000007c   Code   RO          101    .text.MX_UART4_Init  usart.o
    0x080054fc   0x080054fc   0x00000004   PAD
    0x08005500   0x08005500   0x0000007c   Code   RO          103    .text.MX_USART1_UART_Init  usart.o
    0x0800557c   0x0800557c   0x00000004   PAD
    0x08005580   0x08005580   0x00000002   Code   RO          123    .text.MemManage_Handler  stm32h7xx_it.o
    0x08005582   0x08005582   0x00000006   PAD
    0x08005588   0x08005588   0x00000002   Code   RO          119    .text.NMI_Handler   stm32h7xx_it.o
    0x0800558a   0x0800558a   0x00000006   PAD
    0x08005590   0x08005590   0x00000138   Code   RO         1926    .text.PID_Calculate  pid.o
    0x080056c8   0x080056c8   0x00000020   Code   RO         1924    .text.PID_Init      pid.o
    0x080056e8   0x080056e8   0x00000008   PAD
    0x080056f0   0x080056f0   0x00000064   Code   RO         1908    .text.PendSV_Handler  port.o
    0x08005754   0x08005754   0x00000004   PAD
    0x08005758   0x08005758   0x00000122   Code   RO          254    .text.RCCEx_PLL2_Config  stm32h7xx_hal_rcc_ex.o
    0x0800587a   0x0800587a   0x00000006   PAD
    0x08005880   0x08005880   0x00000122   Code   RO          256    .text.RCCEx_PLL3_Config  stm32h7xx_hal_rcc_ex.o
    0x080059a2   0x080059a2   0x0000000e   PAD
    0x080059b0   0x080059b0   0x00000024   Code   RO         1892    .text.SVC_Handler   port.o
    0x080059d4   0x080059d4   0x00000004   PAD
    0x080059d8   0x080059d8   0x00000008   Code   RO           40    .text.StartDefaultTask  freertos.o
    0x080059e0   0x080059e0   0x0000002e   Code   RO         1910    .text.SysTick_Handler  port.o
    0x08005a0e   0x08005a0e   0x00000002   PAD
    0x08005a10   0x08005a10   0x0000013c   Code   RO           13    .text.SystemClock_Config  main.o
    0x08005b4c   0x08005b4c   0x00000004   PAD
    0x08005b50   0x08005b50   0x000000cc   Code   RO         1484    .text.SystemInit    system_stm32h7xx.o
    0x08005c1c   0x08005c1c   0x00000004   PAD
    0x08005c20   0x08005c20   0x0000000c   Code   RO          135    .text.TIM6_DAC_IRQHandler  stm32h7xx_it.o
    0x08005c2c   0x08005c2c   0x00000004   PAD
    0x08005c30   0x08005c30   0x00000158   Code   RO          977    .text.TIM_Base_SetConfig  stm32h7xx_hal_tim.o
    0x08005d88   0x08005d88   0x0000000c   Code   RO          133    .text.UART4_IRQHandler  stm32h7xx_it.o
    0x08005d94   0x08005d94   0x00000004   PAD
    0x08005d98   0x08005d98   0x000000e0   Code   RO         1306    .text.UART_AdvFeatureConfig  stm32h7xx_hal_uart.o
    0x08005e78   0x08005e78   0x00000010   Code   RO         1386    .text.UART_DMAAbortOnError  stm32h7xx_hal_uart.o
    0x08005e88   0x08005e88   0x0000015c   Code   RO         1426    .text.UART_RxISR_16BIT  stm32h7xx_hal_uart.o
    0x08005fe4   0x08005fe4   0x00000004   PAD
    0x08005fe8   0x08005fe8   0x000002c6   Code   RO         1422    .text.UART_RxISR_16BIT_FIFOEN  stm32h7xx_hal_uart.o
    0x080062ae   0x080062ae   0x00000002   PAD
    0x080062b0   0x080062b0   0x0000015c   Code   RO         1428    .text.UART_RxISR_8BIT  stm32h7xx_hal_uart.o
    0x0800640c   0x0800640c   0x00000004   PAD
    0x08006410   0x08006410   0x000002ca   Code   RO         1424    .text.UART_RxISR_8BIT_FIFOEN  stm32h7xx_hal_uart.o
    0x080066da   0x080066da   0x00000006   PAD
    0x080066e0   0x080066e0   0x000004b4   Code   RO         1304    .text.UART_SetConfig  stm32h7xx_hal_uart.o
    0x08006b94   0x08006b94   0x00000004   PAD
    0x08006b98   0x08006b98   0x0000029c   Code   RO         1338    .text.UART_Start_Receive_IT  stm32h7xx_hal_uart.o
    0x08006e34   0x08006e34   0x00000004   PAD
    0x08006e38   0x08006e38   0x00000226   Code   RO         1322    .text.UART_WaitOnFlagUntilTimeout  stm32h7xx_hal_uart.o
    0x0800705e   0x0800705e   0x00000002   PAD
    0x08007060   0x08007060   0x0000000c   Code   RO          131    .text.USART1_IRQHandler  stm32h7xx_it.o
    0x0800706c   0x0800706c   0x00000004   PAD
    0x08007070   0x08007070   0x00000002   Code   RO          127    .text.UsageFault_Handler  stm32h7xx_it.o
    0x08007072   0x08007072   0x00000006   PAD
    0x08007078   0x08007078   0x0000000a   Code   RO         1958    .text.get_remote_control_point  ble_remote.o
    0x08007082   0x08007082   0x00000006   PAD
    0x08007088   0x08007088   0x00000042   Code   RO           11    .text.main          main.o
    0x080070ca   0x080070ca   0x00000006   PAD
    0x080070d0   0x080070d0   0x00000010   Code   RO         1770    .text.osDelay       cmsis_os.o
    0x080070e0   0x080070e0   0x00000010   Code   RO         1836    .text.osDelayUntil  cmsis_os.o
    0x080070f0   0x080070f0   0x0000000a   Code   RO         1752    .text.osKernelStart  cmsis_os.o
    0x080070fa   0x080070fa   0x00000006   PAD
    0x08007100   0x08007100   0x0000005e   Code   RO         1758    .text.osThreadCreate  cmsis_os.o
    0x0800715e   0x0800715e   0x00000002   PAD
    0x08007160   0x08007160   0x000000fc   Code   RO         1648    .text.prvAddNewTaskToReadyList  tasks.o
    0x0800725c   0x0800725c   0x00000004   PAD
    0x08007260   0x08007260   0x00000086   Code   RO         1680    .text.prvIdleTask   tasks.o
    0x080072e6   0x080072e6   0x00000002   PAD
    0x080072e8   0x080072e8   0x0000011a   Code   RO         1646    .text.prvInitialiseNewTask  tasks.o
    0x08007402   0x08007402   0x00000006   PAD
    0x08007408   0x08007408   0x00000028   Code   RO         1900    .text.prvPortStartFirstTask  port.o
    0x08007430   0x08007430   0x00000040   Code   RO         1890    .text.prvTaskExitError  port.o
    0x08007470   0x08007470   0x0000020c   Code   RO         1866    .text.pvPortMalloc  heap_4.o
    0x0800767c   0x0800767c   0x00000004   PAD
    0x08007680   0x08007680   0x0000002c   Code   RO         1888    .text.pxPortInitialiseStack  port.o
    0x080076ac   0x080076ac   0x00000004   PAD
    0x080076b0   0x080076b0   0x00000194   Code   RO         1952    .text.uart_to_remote  ble_remote.o
    0x08007844   0x08007844   0x00000004   PAD
    0x08007848   0x08007848   0x0000002a   Code   RO         1535    .text.uxListRemove  list.o
    0x08007872   0x08007872   0x00000006   PAD
    0x08007878   0x08007878   0x0000001a   Code   RO           36    .text.vApplicationGetIdleTaskMemory  freertos.o
    0x08007892   0x08007892   0x00000006   PAD
    0x08007898   0x08007898   0x00000016   Code   RO         1527    .text.vListInitialise  list.o
    0x080078ae   0x080078ae   0x00000002   PAD
    0x080078b0   0x080078b0   0x00000006   Code   RO         1529    .text.vListInitialiseItem  list.o
    0x080078b6   0x080078b6   0x00000002   PAD
    0x080078b8   0x080078b8   0x00000062   Code   RO         1533    .text.vListInsert   list.o
    0x0800791a   0x0800791a   0x00000006   PAD
    0x08007920   0x08007920   0x0000001c   Code   RO         1531    .text.vListInsertEnd  list.o
    0x0800793c   0x0800793c   0x00000004   PAD
    0x08007940   0x08007940   0x00000014   Code   RO         1898    .text.vPortEnableVFP  port.o
    0x08007954   0x08007954   0x00000004   PAD
    0x08007958   0x08007958   0x0000004a   Code   RO         1904    .text.vPortEnterCritical  port.o
    0x080079a2   0x080079a2   0x00000006   PAD
    0x080079a8   0x080079a8   0x0000002e   Code   RO         1906    .text.vPortExitCritical  port.o
    0x080079d6   0x080079d6   0x00000002   PAD
    0x080079d8   0x080079d8   0x000000d4   Code   RO         1868    .text.vPortFree     heap_4.o
    0x08007aac   0x08007aac   0x00000004   PAD
    0x08007ab0   0x08007ab0   0x00000034   Code   RO         1896    .text.vPortSetupTimerInterrupt  port.o
    0x08007ae4   0x08007ae4   0x00000004   PAD
    0x08007ae8   0x08007ae8   0x0000009e   Code   RO         1662    .text.vTaskDelay    tasks.o
    0x08007b86   0x08007b86   0x00000002   PAD
    0x08007b88   0x08007b88   0x000000e6   Code   RO         1654    .text.vTaskDelayUntil  tasks.o
    0x08007c6e   0x08007c6e   0x00000002   PAD
    0x08007c70   0x08007c70   0x000000cc   Code   RO         1678    .text.vTaskStartScheduler  tasks.o
    0x08007d3c   0x08007d3c   0x00000004   PAD
    0x08007d40   0x08007d40   0x00000010   Code   RO         1656    .text.vTaskSuspendAll  tasks.o
    0x08007d50   0x08007d50   0x0000006e   Code   RO         1672    .text.vTaskSwitchContext  tasks.o
    0x08007dbe   0x08007dbe   0x00000002   PAD
    0x08007dc0   0x08007dc0   0x00000186   Code   RO         1894    .text.xPortStartScheduler  port.o
    0x08007f46   0x08007f46   0x00000002   PAD
    0x08007f48   0x08007f48   0x00000060   Code   RO         1650    .text.xTaskCreate   tasks.o
    0x08007fa8   0x08007fa8   0x0000007a   Code   RO         1644    .text.xTaskCreateStatic  tasks.o
    0x08008022   0x08008022   0x00000006   PAD
    0x08008028   0x08008028   0x0000000c   Code   RO         1686    .text.xTaskGetTickCount  tasks.o
    0x08008034   0x08008034   0x00000004   PAD
    0x08008038   0x08008038   0x00000106   Code   RO         1684    .text.xTaskIncrementTick  tasks.o
    0x0800813e   0x0800813e   0x00000002   PAD
    0x08008140   0x08008140   0x000000ea   Code   RO         1660    .text.xTaskResumeAll  tasks.o
    0x0800822a   0x0800822a   0x00000030   Code   RO         2059    i.__ARM_fpclassify  m_wv.l(fpclassify.o)
    0x0800825a   0x0800825a   0x00000006   PAD
    0x08008260   0x08008260   0x000000b0   Code   RO         1982    i.__hardfp_cos      m_wv.l(cos.o)
    0x08008310   0x08008310   0x000000b0   Code   RO         1988    i.__hardfp_sin      m_wv.l(sin.o)
    0x080083c0   0x080083c0   0x00000308   Code   RO         2023    i.__ieee754_rem_pio2  m_wv.l(rred.o)
    0x080086c8   0x080086c8   0x000000c4   Code   RO         2006    i.__kernel_cos      m_wv.l(cos_i.o)
    0x0800878c   0x0800878c   0x00000070   Code   RO         2061    i.__kernel_poly     m_wv.l(poly.o)
    0x080087fc   0x080087fc   0x00000004   PAD
    0x08008800   0x08008800   0x000000a0   Code   RO         2028    i.__kernel_sin      m_wv.l(sin_i.o)
    0x080088a0   0x080088a0   0x00000018   Code   RO         2012    i.__mathlib_dbl_invalid  m_wv.l(dunder.o)
    0x080088b8   0x080088b8   0x00000018   Code   RO         2015    i.__mathlib_dbl_underflow  m_wv.l(dunder.o)
    0x080088d0   0x080088d0   0x00000018   Code   RO         2055    i.fabs              m_wv.l(fabs.o)
    0x080088e8   0x080088e8   0x0000001a   Code   RO         2152    x$fpl$fpinit        fz_wv.l(fpinit.o)
    0x08008902   0x08008902   0x00000000   Code   RO         2005    x$fpl$usenofp       fz_wv.l(usenofp.o)
    0x08008902   0x08008902   0x00000006   PAD
    0x08008908   0x08008908   0x00000030   Data   RO         2007    .constdata          m_wv.l(cos_i.o)
    0x08008938   0x08008938   0x000000cc   Data   RO         2025    .constdata          m_wv.l(rred.o)
    0x08008a04   0x08008a04   0x00000004   PAD
    0x08008a08   0x08008a08   0x00000028   Data   RO         2029    .constdata          m_wv.l(sin_i.o)
    0x08008a30   0x08008a30   0x0000001c   Data   RO           46    .rodata..L__const.MX_FREERTOS_Init.os_thread_def_CHASSIS  freertos.o
    0x08008a4c   0x08008a4c   0x0000001c   Data   RO           45    .rodata..L__const.MX_FREERTOS_Init.os_thread_def_defaultTask  freertos.o
    0x08008a68   0x08008a68   0x00000006   Data   RO         1435    .rodata..Lswitch.table.UART_SetConfig.5  stm32h7xx_hal_uart.o
    0x08008a6e   0x08008a6e   0x00000006   Data   RO         1436    .rodata..Lswitch.table.UART_SetConfig.7  stm32h7xx_hal_uart.o
    0x08008a74   0x08008a74   0x00000010   Data   RO         1488    .rodata.D1CorePrescTable  system_stm32h7xx.o
    0x08008a84   0x08008a84   0x00000018   Data   RO         1434    .rodata.UARTPrescTable  stm32h7xx_hal_uart.o
    0x08008a9c   0x08008a9c   0x00000010   Data   RO         1475    .rodata.cst8        stm32h7xx_hal_uart_ex.o
    0x08008aac   0x08008aac   0x00000014   Data   RO           44    .rodata.str1.1      freertos.o
    0x08008ac0   0x08008ac0   0x00000020   Data   RO         2213    Region$$Table       anon$$obj.o


    Execution Region RW_IRAM1 (Exec base: 0x20000000, Load base: 0x08008ae0, Size: 0x00000000, Max: 0x00020000, ABSOLUTE)

    **** No section assigned to this execution region ****


    Execution Region RW_IRAM2 (Exec base: 0x24000000, Load base: 0x08008ae0, Size: 0x000074c8, Max: 0x00080000, ABSOLUTE)

    Exec Addr    Load Addr    Size         Type   Attr      Idx    E Section Name        Object

    0x24000000   0x08008ae0   0x00000008   Data   RW          766    .data..L_MergedGlobals  stm32h7xx_hal.o
    0x24000008   0x08008ae8   0x00000008   Data   RW         1489    .data..L_MergedGlobals  system_stm32h7xx.o
    0x24000010   0x08008af0   0x00000004   Data   RW         1914    .data.uxCriticalNesting  port.o
    0x24000014   0x08008af4   0x00000004   PAD
    0x24000018        -       0x00000060   Zero   RW         2064    .bss                c_w.l(libspace.o)
    0x24000078        -       0x00000008   Zero   RW           47    .bss..L_MergedGlobals  freertos.o
    0x24000080        -       0x00000078   Zero   RW         1741    .bss..L_MergedGlobals  tasks.o
    0x240000f8        -       0x00000020   Zero   RW         1879    .bss..L_MergedGlobals  heap_4.o
    0x24000118        -       0x00000008   Zero   RW         1915    .bss..L_MergedGlobals  port.o
    0x24000120        -       0x00000064   Zero   RW         1943    .bss..L_MergedGlobals  pid task.o
    0x24000184        -       0x00000028   Zero   RW         1742    .bss..L_MergedGlobals.1  tasks.o
    0x240001ac        -       0x00000100   Zero   RW         1942    .bss.engine_struct  pid task.o
    0x240002ac        -       0x0000004c   Zero   RW           84    .bss.htim1          tim.o
    0x240002f8        -       0x0000004c   Zero   RW           90    .bss.htim12         tim.o
    0x24000344        -       0x0000004c   Zero   RW           91    .bss.htim15         tim.o
    0x24000390        -       0x0000004c   Zero   RW           92    .bss.htim17         tim.o
    0x240003dc        -       0x0000004c   Zero   RW           85    .bss.htim2          tim.o
    0x24000428        -       0x0000004c   Zero   RW           86    .bss.htim3          tim.o
    0x24000474        -       0x0000004c   Zero   RW           87    .bss.htim4          tim.o
    0x240004c0        -       0x0000004c   Zero   RW           88    .bss.htim5          tim.o
    0x2400050c        -       0x0000004c   Zero   RW          159    .bss.htim6          stm32h7xx_hal_timebase_tim.o
    0x24000558        -       0x0000004c   Zero   RW           89    .bss.htim8          tim.o
    0x240005a4        -       0x00000090   Zero   RW          110    .bss.huart1         usart.o
    0x24000634        -       0x00000090   Zero   RW          109    .bss.huart4         usart.o
    0x240006c4        -       0x0000008c   Zero   RW         1740    .bss.pxReadyTasksLists  tasks.o
    0x24000750        -       0x00000020   Zero   RW         1960    .bss.remote         ble_remote.o
    0x24000770        -       0x00003c00   Zero   RW         1878    .bss.ucHeap         heap_4.o
    0x24004370        -       0x00000004   Zero   RW          765    .bss.uwTick         stm32h7xx_hal.o
    0x24004374        -       0x00000100   Zero   RW           43    .bss.xIdleStack     freertos.o
    0x24004474        -       0x00000054   Zero   RW           42    .bss.xIdleTaskTCBBuffer  freertos.o
    0x240044c8        -       0x00001000   Zero   RW            2    HEAP                startup_stm32h750xx.o
    0x240054c8        -       0x00002000   Zero   RW            1    STACK               startup_stm32h750xx.o


==============================================================================

Image component sizes


      Code (inc. data)   RO Data    RW Data    ZI Data      Debug   Object Name

       414          8          0          0         32       2674   ble_remote.o
       136          0          0          0          0      25580   cmsis_os.o
       142          0         76          0        348       3124   freertos.o
       122          0          0          0          0       2301   gpio.o
       736          0          0          0      15392       5717   heap_4.o
       196          0          0          0          0       2305   list.o
       412          0          0          0          0       8520   main.o
      1200         24          0          0        356       7562   pid task.o
       344          4          0          0          0       1493   pid.o
       912         16          0          4          8       4067   port.o
        64         26        664          0      12288        824   startup_stm32h750xx.o
       152          0          0          8          4      14967   stm32h7xx_hal.o
       156          0          0          0          0      12275   stm32h7xx_hal_cortex.o
      2024          0          0          0          0      18235   stm32h7xx_hal_dma.o
       486          0          0          0          0       7077   stm32h7xx_hal_gpio.o
        42          0          0          0          0       5508   stm32h7xx_hal_msp.o
        76          0          0          0          0      10588   stm32h7xx_hal_pwr_ex.o
      2554         16          0          0          0      11646   stm32h7xx_hal_rcc.o
      4390        172          0          0          0      19491   stm32h7xx_hal_rcc_ex.o
      3612         22          0          0          0      64455   stm32h7xx_hal_tim.o
       366          0          0          0          0      25226   stm32h7xx_hal_tim_ex.o
       164          0          0          0         76       9824   stm32h7xx_hal_timebase_tim.o
      7014        332         36          0          0      42763   stm32h7xx_hal_uart.o
       348          0         16          0          0      11285   stm32h7xx_hal_uart_ex.o
        48          0          0          0          0       6380   stm32h7xx_it.o
       204          0         16          8          0       5890   system_stm32h7xx.o
      2112          8          0          0        300      29438   tasks.o
      2608          0          0          0        684      11714   tim.o
       494          0          0          0        288      11543   usart.o

    ----------------------------------------------------------------------
     32026        664        840         20      29780     382472   Object Totals
         0          0         32          0          0          0   (incl. Generated)
       498         36          0          0          4          0   (incl. Padding)

    ----------------------------------------------------------------------

      Code (inc. data)   RO Data    RW Data    ZI Data      Debug   Library Member Name

         8          0          0          0          0         68   __main.o
         0          0          0          0          0          0   __rtentry.o
        12          0          0          0          0          0   __rtentry2.o
         6          0          0          0          0          0   __rtentry4.o
        52          8          0          0          0          0   __scatter.o
        26          0          0          0          0          0   __scatter_copy.o
        28          0          0          0          0          0   __scatter_zi.o
        22          0          0          0          0        100   _rserrno.o
        18          0          0          0          0         80   exit.o
         6          0          0          0          0        152   heapauxi.o
         0          0          0          0          0          0   indicate_semi.o
         2          0          0          0          0          0   libinit.o
         6          0          0          0          0          0   libinit2.o
         2          0          0          0          0          0   libshutdown.o
         2          0          0          0          0          0   libshutdown2.o
         8          4          0          0         96         68   libspace.o
       240          0          0          0          0        100   lludivv7m.o
         8          4          0          0          0         68   rt_errno_addr_intlibspace.o
        78          0          0          0          0         80   rt_memclr_w.o
         2          0          0          0          0          0   rtexit.o
        10          0          0          0          0          0   rtexit2.o
        12          4          0          0          0         68   sys_exit.o
        74          0          0          0          0         80   sys_stackheap_outer.o
         2          0          0          0          0         68   use_no_semi.o
        26          0          0          0          0        116   fpinit.o
         0          0          0          0          0          0   usenofp.o
       176         18          0          0          0        156   cos.o
       196         14         48          0          0        176   cos_i.o
        48         28          0          0          0        232   dunder.o
        24          0          0          0          0        124   fabs.o
        48          0          0          0          0        124   fpclassify.o
       112          0          0          0          0        116   poly.o
       776        130        204          0          0        172   rred.o
       176         18          0          0          0        160   sin.o
       160         16         40          0          0        196   sin_i.o

    ----------------------------------------------------------------------
      2390        244        296          0         96       2504   Library Totals
        24          0          4          0          0          0   (incl. Padding)

    ----------------------------------------------------------------------

      Code (inc. data)   RO Data    RW Data    ZI Data      Debug   Library Name

       624         20          0          0         96        932   c_w.l
        26          0          0          0          0        116   fz_wv.l
      1716        224        292          0          0       1456   m_wv.l

    ----------------------------------------------------------------------
      2390        244        296          0         96       2504   Library Totals

    ----------------------------------------------------------------------

==============================================================================


      Code (inc. data)   RO Data    RW Data    ZI Data      Debug   

     34416        908       1136         20      29876     383172   Grand Totals
     34416        908       1136         20      29876     383172   ELF Image Totals
     34416        908       1136         20          0          0   ROM Totals

==============================================================================

    Total RO  Size (Code + RO Data)                35552 (  34.72kB)
    Total RW  Size (RW Data + ZI Data)             29896 (  29.20kB)
    Total ROM Size (Code + RO Data + RW Data)      35572 (  34.74kB)

==============================================================================

